******************************************************************************
                  TI ARM Linker PC v20.2.5                     
******************************************************************************
>> Linked Wed Aug 10 15:13:51 2022

OUTPUT FILE NAME:   <CANMaster.out>
ENTRY POINT SYMBOL: "_c_int00_noargs"  address: 00000b9d


MEMORY CONFIGURATION

         name            origin    length      used     unused   attr    fill
----------------------  --------  ---------  --------  --------  ----  --------
  FLASH                 00000000   00040000  00000cb4  0003f34c  R  X
  SRAM                  20000000   00008000  00000476  00007b8a  RW X


SEGMENT ALLOCATION MAP

run origin  load origin   length   init length attrs members
----------  ----------- ---------- ----------- ----- -------
00000000    00000000    00000cb8   00000cb8    r-x
  00000000    00000000    0000026c   0000026c    r-- .intvecs
  0000026c    0000026c    000009d4   000009d4    r-x .text
  00000c40    00000c40    00000034   00000034    r-- .const
  00000c78    00000c78    00000040   00000040    r-- .cinit
20000000    20000000    00000476   00000000    rw-
  20000000    20000000    0000026c   00000000    rw- .vtable
  2000026c    2000026c    00000004   00000000    rw- .bss
  20000270    20000270    00000200   00000000    rw- .stack
  20000470    20000470    00000006   00000000    rw- .data


SECTION ALLOCATION MAP

 output                                  attributes/
section   page    origin      length       input sections
--------  ----  ----------  ----------   ----------------
.intvecs   0    00000000    0000026c     
                  00000000    0000026c     startup_ccs.obj (.intvecs)

.text      0    0000026c    000009d4     
                  0000026c    00000350     MasterMain.obj (.text:main)
                  000005bc    000001ee     uartstdio.obj (.text:UARTvprintf)
                  000007aa    0000009c     rtsv7M4_T_le_v4SPD16_eabi.lib : memcpy_t2.asm.obj (.text)
                  00000846    00000002     startup_ccs.obj (.text:FaultISR)
                  00000848    00000074     MasterMain.obj (.text:CANIntHandler)
                  000008bc    00000068     driverlib.lib : interrupt.obj (.text:IntEnable)
                  00000924    00000068     rtsv7M4_T_le_v4SPD16_eabi.lib : copy_decompress_lzss.c.obj (.text:decompress:lzss:__TI_decompress_lzss)
                  0000098c    00000060     uartstdio.obj (.text:UARTStdioConfig)
                  000009ec    0000005c     driverlib.lib : can.obj (.text:_CANIntNumberGet)
                  00000a48    00000050     uartstdio.obj (.text:UARTwrite)
                  00000a98    0000004c     MasterMain.obj (.text:delay)
                  00000ae4    00000044     rtsv7M4_T_le_v4SPD16_eabi.lib : autoinit.c.obj (.text:__TI_auto_init_nobinit_nopinit:__TI_auto_init_nobinit_nopinit)
                  00000b28    00000040                                   : u_divt2.asm.obj (.text)
                  00000b68    00000034     driverlib.lib : interrupt.obj (.text:IntRegister)
                  00000b9c    00000034     rtsv7M4_T_le_v4SPD16_eabi.lib : boot_cortex_m.c.obj (.text:_c_int00_noargs:_c_int00_noargs)
                  00000bd0    0000001c                                   : copy_zero_init.c.obj (.text:decompress:ZI:__TI_zero_init_nomemset:__TI_zero_init_nomemset)
                  00000bec    0000001a     uartstdio.obj (.text:UARTprintf)
                  00000c06    00000018     driverlib.lib : can.obj (.text:CANIntRegister)
                  00000c1e    0000000e     rtsv7M4_T_le_v4SPD16_eabi.lib : copy_decompress_none.c.obj (.text:decompress:none:__TI_decompress_none)
                  00000c2c    00000006     startup_ccs.obj (.text:ResetISR)
                  00000c32    00000004     rtsv7M4_T_le_v4SPD16_eabi.lib : pre_init.c.obj (.text:_system_pre_init)
                  00000c36    00000004                                   : exit.c.obj (.text:abort:abort)
                  00000c3a    00000002     startup_ccs.obj (.text:IntDefaultHandler)
                  00000c3c    00000002     startup_ccs.obj (.text:NmiSR)
                  00000c3e    00000002     rtsv7M4_T_le_v4SPD16_eabi.lib : div0.asm.obj (.text)

.const     0    00000c40    00000034     
                  00000c40    00000014     driverlib.lib : interrupt.obj (.const:g_pui32EnRegs)
                  00000c54    0000000c     uartstdio.obj (.const:g_ui32UARTBase)
                  00000c60    0000000c     uartstdio.obj (.const:g_ui32UARTPeriph)
                  00000c6c    00000008     MasterMain.obj (.const:.string:$P$T0$1)

.cinit     0    00000c78    00000040     
                  00000c78    0000000c     (__TI_handler_table)
                  00000c84    00000004     --HOLE-- [fill = 0]
                  00000c88    00000008     (.cinit..bss.load) [load image, compression = zero_init]
                  00000c90    00000008     (.cinit..vtable.load) [load image, compression = zero_init]
                  00000c98    00000007     (.cinit..data.load) [load image, compression = lzss]
                  00000c9f    00000001     --HOLE-- [fill = 0]
                  00000ca0    00000018     (__TI_cinit_table)

.init_array 
*          0    00000000    00000000     UNINITIALIZED

.vtable    0    20000000    0000026c     UNINITIALIZED
                  20000000    0000026c     driverlib.lib : interrupt.obj (.vtable)

.bss       0    2000026c    00000004     UNINITIALIZED
                  2000026c    00000004     (.common:sysClock)

.data      0    20000470    00000006     UNINITIALIZED
                  20000470    00000005     uartstdio.obj (.data)
                  20000475    00000001     MasterMain.obj (.data)

.stack     0    20000270    00000200     UNINITIALIZED
                  20000270    00000004     rtsv7M4_T_le_v4SPD16_eabi.lib : boot_cortex_m.c.obj (.stack)
                  20000274    000001fc     --HOLE--

__llvm_prf_cnts 
*          0    20000000    00000000     UNINITIALIZED

.binit     0    00000000    00000000     

MODULE SUMMARY

       Module                       code   ro data   rw data
       ------                       ----   -------   -------
    .\
       MasterMain.obj               1040   8         5      
       startup_ccs.obj              12     620       0      
    +--+----------------------------+------+---------+---------+
       Total:                       1052   628       5      
                                                            
    .\utils\
       uartstdio.obj                696    24        5      
    +--+----------------------------+------+---------+---------+
       Total:                       696    24        5      
                                                            
    C:/ti/TivaWare_C_Series-2.2.0.295/driverlib/ccs/Debug/driverlib.lib
       interrupt.obj                156    20        620    
       can.obj                      116    0         0      
    +--+----------------------------+------+---------+---------+
       Total:                       272    20        620    
                                                            
    C:\ti\ccs1120\ccs\tools\compiler\ti-cgt-arm_20.2.5.LTS\lib\rtsv7M4_T_le_v4SPD16_eabi.lib
       memcpy_t2.asm.obj            156    0         0      
       copy_decompress_lzss.c.obj   104    0         0      
       autoinit.c.obj               68     0         0      
       u_divt2.asm.obj              64     0         0      
       boot_cortex_m.c.obj          52     0         0      
       copy_zero_init.c.obj         28     0         0      
       copy_decompress_none.c.obj   14     0         0      
       exit.c.obj                   4      0         0      
       pre_init.c.obj               4      0         0      
       div0.asm.obj                 2      0         0      
    +--+----------------------------+------+---------+---------+
       Total:                       496    0         0      
                                                            
       Stack:                       0      0         512    
       Linker Generated:            0      59        0      
    +--+----------------------------+------+---------+---------+
       Grand Total:                 2516   731       1142   


LINKER GENERATED COPY TABLES

__TI_cinit_table @ 00000ca0 records: 3, size/record: 8, table size: 24
	.bss: load addr=00000c88, load size=00000008 bytes, run addr=2000026c, run size=00000004 bytes, compression=zero_init
	.vtable: load addr=00000c90, load size=00000008 bytes, run addr=20000000, run size=0000026c bytes, compression=zero_init
	.data: load addr=00000c98, load size=00000007 bytes, run addr=20000470, run size=00000006 bytes, compression=lzss


LINKER GENERATED HANDLER TABLE

__TI_handler_table @ 00000c78 records: 3, size/record: 4, table size: 12
	index: 0, handler: __TI_zero_init
	index: 1, handler: __TI_decompress_lzss
	index: 2, handler: __TI_decompress_none


GLOBAL SYMBOLS: SORTED ALPHABETICALLY BY Name 

address   name                          
-------   ----                          
00000c37  C$$EXIT                       
00000849  CANIntHandler                 
00000c07  CANIntRegister                
000008bd  IntEnable                     
00000b69  IntRegister                   
00000c2d  ResetISR                      
0000098d  UARTStdioConfig               
00000bed  UARTprintf                    
000005bd  UARTvprintf                   
00000a49  UARTwrite                     
20000470  __STACK_END                   
00000200  __STACK_SIZE                  
20000470  __STACK_TOP                   
00000ca0  __TI_CINIT_Base               
00000cb8  __TI_CINIT_Limit              
00000c78  __TI_Handler_Table_Base       
00000c84  __TI_Handler_Table_Limit      
00000ae5  __TI_auto_init_nobinit_nopinit
00000925  __TI_decompress_lzss          
00000c1f  __TI_decompress_none          
ffffffff  __TI_pprof_out_hndl           
ffffffff  __TI_prof_data_size           
ffffffff  __TI_prof_data_start          
00000000  __TI_static_base__            
00000bd1  __TI_zero_init_nomemset       
00000c3f  __aeabi_idiv0                 
00000c3f  __aeabi_ldiv0                 
000007ab  __aeabi_memcpy                
000007ab  __aeabi_memcpy4               
000007ab  __aeabi_memcpy8               
00000b29  __aeabi_uidiv                 
00000b29  __aeabi_uidivmod              
ffffffff  __binit__                     
ffffffff  __c_args__                    
UNDEFED   __mpu_init                    
20000270  __stack                       
20000000  __start___llvm_prf_cnts       
20000000  __stop___llvm_prf_cnts        
00000b9d  _c_int00_noargs               
UNDEFED   _system_post_cinit            
00000c33  _system_pre_init              
00000c37  abort                         
ffffffff  binit                         
00000a99  delay                         
20000475  errFlag                       
20000000  g_pfnRAMVectors               
00000000  g_pfnVectors                  
0000026d  main                          
000007ab  memcpy                        
2000026c  sysClock                      


GLOBAL SYMBOLS: SORTED BY Symbol Address 

address   name                          
-------   ----                          
00000000  __TI_static_base__            
00000000  g_pfnVectors                  
00000200  __STACK_SIZE                  
0000026d  main                          
000005bd  UARTvprintf                   
000007ab  __aeabi_memcpy                
000007ab  __aeabi_memcpy4               
000007ab  __aeabi_memcpy8               
000007ab  memcpy                        
00000849  CANIntHandler                 
000008bd  IntEnable                     
00000925  __TI_decompress_lzss          
0000098d  UARTStdioConfig               
00000a49  UARTwrite                     
00000a99  delay                         
00000ae5  __TI_auto_init_nobinit_nopinit
00000b29  __aeabi_uidiv                 
00000b29  __aeabi_uidivmod              
00000b69  IntRegister                   
00000b9d  _c_int00_noargs               
00000bd1  __TI_zero_init_nomemset       
00000bed  UARTprintf                    
00000c07  CANIntRegister                
00000c1f  __TI_decompress_none          
00000c2d  ResetISR                      
00000c33  _system_pre_init              
00000c37  C$$EXIT                       
00000c37  abort                         
00000c3f  __aeabi_idiv0                 
00000c3f  __aeabi_ldiv0                 
00000c78  __TI_Handler_Table_Base       
00000c84  __TI_Handler_Table_Limit      
00000ca0  __TI_CINIT_Base               
00000cb8  __TI_CINIT_Limit              
20000000  __start___llvm_prf_cnts       
20000000  __stop___llvm_prf_cnts        
20000000  g_pfnRAMVectors               
2000026c  sysClock                      
20000270  __stack                       
20000470  __STACK_END                   
20000470  __STACK_TOP                   
20000475  errFlag                       
ffffffff  __TI_pprof_out_hndl           
ffffffff  __TI_prof_data_size           
ffffffff  __TI_prof_data_start          
ffffffff  __binit__                     
ffffffff  __c_args__                    
ffffffff  binit                         
UNDEFED   __mpu_init                    
UNDEFED   _system_post_cinit            

[50 symbols]
