<?xml version="1.0" encoding="ISO-8859-1" ?>
<link_info>
   <banner>TI ARM Linker PC v20.2.5.LTS</banner>
   <copyright>Copyright (c) 1996-2018 Texas Instruments Incorporated</copyright>
   <link_time>0x625766c8</link_time>
   <link_errors>0x0</link_errors>
   <output_file>CANSlave.out</output_file>
   <entry_point>
      <name>_c_int00_noargs</name>
      <address>0x132d</address>
   </entry_point>
   <input_file_list>
      <input_file id="fl-2">
         <path>.\</path>
         <kind>object</kind>
         <file>SlaveMain.obj</file>
         <name>SlaveMain.obj</name>
      </input_file>
      <input_file id="fl-3">
         <path>.\</path>
         <kind>object</kind>
         <file>startup_ccs.obj</file>
         <name>startup_ccs.obj</name>
      </input_file>
      <input_file id="fl-4">
         <path>.\drivers\</path>
         <kind>object</kind>
         <file>rgb.obj</file>
         <name>rgb.obj</name>
      </input_file>
      <input_file id="fl-5">
         <path>.\utils\</path>
         <kind>object</kind>
         <file>uartstdio.obj</file>
         <name>uartstdio.obj</name>
      </input_file>
      <input_file id="fl-a">
         <kind>object</kind>
         <file>&lt;internal&gt;</file>
         <name>&lt;internal&gt;</name>
      </input_file>
      <input_file id="fl-b">
         <path>C:\ti\TivaWare_C_Series-2.2.0.295\driverlib\ccs\Debug\</path>
         <kind>archive</kind>
         <file>driverlib.lib</file>
         <name>can.obj</name>
      </input_file>
      <input_file id="fl-c">
         <path>C:\ti\TivaWare_C_Series-2.2.0.295\driverlib\ccs\Debug\</path>
         <kind>archive</kind>
         <file>driverlib.lib</file>
         <name>gpio.obj</name>
      </input_file>
      <input_file id="fl-d">
         <path>C:\ti\TivaWare_C_Series-2.2.0.295\driverlib\ccs\Debug\</path>
         <kind>archive</kind>
         <file>driverlib.lib</file>
         <name>interrupt.obj</name>
      </input_file>
      <input_file id="fl-e">
         <path>C:\ti\TivaWare_C_Series-2.2.0.295\driverlib\ccs\Debug\</path>
         <kind>archive</kind>
         <file>driverlib.lib</file>
         <name>sysctl.obj</name>
      </input_file>
      <input_file id="fl-f">
         <path>C:\ti\TivaWare_C_Series-2.2.0.295\driverlib\ccs\Debug\</path>
         <kind>archive</kind>
         <file>driverlib.lib</file>
         <name>cpu.obj</name>
      </input_file>
      <input_file id="fl-c5">
         <path>C:\ti\ccs1120\ccs\tools\compiler\ti-cgt-arm_20.2.5.LTS\lib\</path>
         <kind>archive</kind>
         <file>rtsv7M4_T_le_v4SPD16_eabi.lib</file>
         <name>fs_toull_t2.asm.obj</name>
      </input_file>
      <input_file id="fl-c6">
         <path>C:\ti\ccs1120\ccs\tools\compiler\ti-cgt-arm_20.2.5.LTS\lib\</path>
         <kind>archive</kind>
         <file>rtsv7M4_T_le_v4SPD16_eabi.lib</file>
         <name>u_divt2.asm.obj</name>
      </input_file>
      <input_file id="fl-c7">
         <path>C:\ti\ccs1120\ccs\tools\compiler\ti-cgt-arm_20.2.5.LTS\lib\</path>
         <kind>archive</kind>
         <file>rtsv7M4_T_le_v4SPD16_eabi.lib</file>
         <name>copy_zero_init.c.obj</name>
      </input_file>
      <input_file id="fl-c8">
         <path>C:\ti\ccs1120\ccs\tools\compiler\ti-cgt-arm_20.2.5.LTS\lib\</path>
         <kind>archive</kind>
         <file>rtsv7M4_T_le_v4SPD16_eabi.lib</file>
         <name>copy_decompress_none.c.obj</name>
      </input_file>
      <input_file id="fl-c9">
         <path>C:\ti\ccs1120\ccs\tools\compiler\ti-cgt-arm_20.2.5.LTS\lib\</path>
         <kind>archive</kind>
         <file>rtsv7M4_T_le_v4SPD16_eabi.lib</file>
         <name>copy_decompress_lzss.c.obj</name>
      </input_file>
      <input_file id="fl-ca">
         <path>C:\ti\ccs1120\ccs\tools\compiler\ti-cgt-arm_20.2.5.LTS\lib\</path>
         <kind>archive</kind>
         <file>rtsv7M4_T_le_v4SPD16_eabi.lib</file>
         <name>boot_cortex_m.c.obj</name>
      </input_file>
      <input_file id="fl-cb">
         <path>C:\ti\ccs1120\ccs\tools\compiler\ti-cgt-arm_20.2.5.LTS\lib\</path>
         <kind>archive</kind>
         <file>rtsv7M4_T_le_v4SPD16_eabi.lib</file>
         <name>div0.asm.obj</name>
      </input_file>
      <input_file id="fl-cc">
         <path>C:\ti\ccs1120\ccs\tools\compiler\ti-cgt-arm_20.2.5.LTS\lib\</path>
         <kind>archive</kind>
         <file>rtsv7M4_T_le_v4SPD16_eabi.lib</file>
         <name>memcpy_t2.asm.obj</name>
      </input_file>
      <input_file id="fl-cd">
         <path>C:\ti\ccs1120\ccs\tools\compiler\ti-cgt-arm_20.2.5.LTS\lib\</path>
         <kind>archive</kind>
         <file>rtsv7M4_T_le_v4SPD16_eabi.lib</file>
         <name>memset_t2.asm.obj</name>
      </input_file>
      <input_file id="fl-ce">
         <path>C:\ti\ccs1120\ccs\tools\compiler\ti-cgt-arm_20.2.5.LTS\lib\</path>
         <kind>archive</kind>
         <file>rtsv7M4_T_le_v4SPD16_eabi.lib</file>
         <name>autoinit.c.obj</name>
      </input_file>
      <input_file id="fl-cf">
         <path>C:\ti\ccs1120\ccs\tools\compiler\ti-cgt-arm_20.2.5.LTS\lib\</path>
         <kind>archive</kind>
         <file>rtsv7M4_T_le_v4SPD16_eabi.lib</file>
         <name>pre_init.c.obj</name>
      </input_file>
      <input_file id="fl-d0">
         <path>C:\ti\ccs1120\ccs\tools\compiler\ti-cgt-arm_20.2.5.LTS\lib\</path>
         <kind>archive</kind>
         <file>rtsv7M4_T_le_v4SPD16_eabi.lib</file>
         <name>cpy_tbl.c.obj</name>
      </input_file>
      <input_file id="fl-d1">
         <path>C:\ti\ccs1120\ccs\tools\compiler\ti-cgt-arm_20.2.5.LTS\lib\</path>
         <kind>archive</kind>
         <file>rtsv7M4_T_le_v4SPD16_eabi.lib</file>
         <name>exit.c.obj</name>
      </input_file>
      <input_file id="fl-d2">
         <path>C:\ti\ccs1120\ccs\tools\compiler\ti-cgt-arm_20.2.5.LTS\lib\</path>
         <kind>archive</kind>
         <file>rtsv7M4_T_le_v4SPD16_eabi.lib</file>
         <name>_lock.c.obj</name>
      </input_file>
      <input_file id="fl-d3">
         <path>C:\ti\ccs1120\ccs\tools\compiler\ti-cgt-arm_20.2.5.LTS\lib\</path>
         <kind>archive</kind>
         <file>rtsv7M4_T_le_v4SPD16_eabi.lib</file>
         <name>args_main.c.obj</name>
      </input_file>
   </input_file_list>
   <object_component_list>
      <object_component id="oc-13">
         <name>.intvecs</name>
         <load_address>0x0</load_address>
         <run_address>0x0</run_address>
         <size>0x26c</size>
         <input_file_ref idref="fl-3"/>
      </object_component>
      <object_component id="oc-1fc">
         <name>.text:UARTvprintf</name>
         <load_address>0x26c</load_address>
         <run_address>0x26c</run_address>
         <size>0x1ee</size>
         <input_file_ref idref="fl-5"/>
      </object_component>
      <object_component id="oc-34">
         <name>.text:FaultISR</name>
         <load_address>0x45a</load_address>
         <run_address>0x45a</run_address>
         <size>0x2</size>
         <input_file_ref idref="fl-3"/>
      </object_component>
      <object_component id="oc-b1">
         <name>.text:main</name>
         <load_address>0x45c</load_address>
         <run_address>0x45c</run_address>
         <size>0x1b8</size>
         <input_file_ref idref="fl-2"/>
      </object_component>
      <object_component id="oc-1ad">
         <name>.text:GPIOPadConfigSet</name>
         <load_address>0x614</load_address>
         <run_address>0x614</run_address>
         <size>0x16c</size>
         <input_file_ref idref="fl-c"/>
      </object_component>
      <object_component id="oc-132">
         <name>.text:CANMessageSet</name>
         <load_address>0x780</load_address>
         <run_address>0x780</run_address>
         <size>0x130</size>
         <input_file_ref idref="fl-b"/>
      </object_component>
      <object_component id="oc-f6">
         <name>.text:SysCtlClockGet</name>
         <load_address>0x8b0</load_address>
         <run_address>0x8b0</run_address>
         <size>0x118</size>
         <input_file_ref idref="fl-e"/>
      </object_component>
      <object_component id="oc-138">
         <name>.text:CANMessageGet</name>
         <load_address>0x9c8</load_address>
         <run_address>0x9c8</run_address>
         <size>0x116</size>
         <input_file_ref idref="fl-b"/>
      </object_component>
      <object_component id="oc-3a">
         <name>.text:IntDefaultHandler</name>
         <load_address>0xade</load_address>
         <run_address>0xade</run_address>
         <size>0x2</size>
         <input_file_ref idref="fl-3"/>
      </object_component>
      <object_component id="oc-12c">
         <name>.text:RGBInit</name>
         <load_address>0xae0</load_address>
         <run_address>0xae0</run_address>
         <size>0x104</size>
         <input_file_ref idref="fl-4"/>
      </object_component>
      <object_component id="oc-de">
         <name>.text:SysCtlClockSet</name>
         <load_address>0xbe4</load_address>
         <run_address>0xbe4</run_address>
         <size>0xf4</size>
         <input_file_ref idref="fl-e"/>
      </object_component>
      <object_component id="oc-1e6">
         <name>.text:RGBEnable</name>
         <load_address>0xcd8</load_address>
         <run_address>0xcd8</run_address>
         <size>0xc0</size>
         <input_file_ref idref="fl-4"/>
      </object_component>
      <object_component id="oc-4e">
         <name>.text</name>
         <load_address>0xd98</load_address>
         <run_address>0xd98</run_address>
         <size>0x9c</size>
         <input_file_ref idref="fl-cc"/>
      </object_component>
      <object_component id="oc-208">
         <name>.text:RGBColorSet</name>
         <load_address>0xe34</load_address>
         <run_address>0xe34</run_address>
         <size>0x90</size>
         <input_file_ref idref="fl-4"/>
      </object_component>
      <object_component id="oc-10e">
         <name>.text:CANBitRateSet</name>
         <load_address>0xec4</load_address>
         <run_address>0xec4</run_address>
         <size>0x6c</size>
         <input_file_ref idref="fl-b"/>
      </object_component>
      <object_component id="oc-14a">
         <name>.text:CANIntHandler</name>
         <load_address>0xf30</load_address>
         <run_address>0xf30</run_address>
         <size>0x6c</size>
         <input_file_ref idref="fl-2"/>
      </object_component>
      <object_component id="oc-120">
         <name>.text:IntEnable</name>
         <load_address>0xf9c</load_address>
         <run_address>0xf9c</run_address>
         <size>0x68</size>
         <input_file_ref idref="fl-d"/>
      </object_component>
      <object_component id="oc-16">
         <name>.text:decompress:lzss:__TI_decompress_lzss</name>
         <load_address>0x1004</load_address>
         <run_address>0x1004</run_address>
         <size>0x68</size>
         <input_file_ref idref="fl-c9"/>
      </object_component>
      <object_component id="oc-fc">
         <name>.text:UARTStdioConfig</name>
         <load_address>0x106c</load_address>
         <run_address>0x106c</run_address>
         <size>0x60</size>
         <input_file_ref idref="fl-5"/>
      </object_component>
      <object_component id="oc-1cd">
         <name>.text:_CANIntNumberGet</name>
         <load_address>0x10cc</load_address>
         <run_address>0x10cc</run_address>
         <size>0x5c</size>
         <input_file_ref idref="fl-b"/>
      </object_component>
      <object_component id="oc-283">
         <name>.text:UARTwrite</name>
         <load_address>0x1128</load_address>
         <run_address>0x1128</run_address>
         <size>0x50</size>
         <input_file_ref idref="fl-5"/>
      </object_component>
      <object_component id="oc-ea">
         <name>.text:GPIOPinConfigure</name>
         <load_address>0x1178</load_address>
         <run_address>0x1178</run_address>
         <size>0x4c</size>
         <input_file_ref idref="fl-c"/>
      </object_component>
      <object_component id="oc-165">
         <name>.text:__TI_auto_init_nobinit_nopinit:__TI_auto_init_nobinit_nopinit</name>
         <load_address>0x11c4</load_address>
         <run_address>0x11c4</run_address>
         <size>0x44</size>
         <input_file_ref idref="fl-ce"/>
      </object_component>
      <object_component id="oc-221">
         <name>.text:CANStatusGet</name>
         <load_address>0x1208</load_address>
         <run_address>0x1208</run_address>
         <size>0x40</size>
         <input_file_ref idref="fl-b"/>
      </object_component>
      <object_component id="oc-289">
         <name>.text</name>
         <load_address>0x1248</load_address>
         <run_address>0x1248</run_address>
         <size>0x40</size>
         <input_file_ref idref="fl-c6"/>
      </object_component>
      <object_component id="oc-108">
         <name>.text:CANInit</name>
         <load_address>0x1288</load_address>
         <run_address>0x1288</run_address>
         <size>0x3a</size>
         <input_file_ref idref="fl-b"/>
      </object_component>
      <object_component id="oc-2e">
         <name>.text:NmiSR</name>
         <load_address>0x12c2</load_address>
         <run_address>0x12c2</run_address>
         <size>0x2</size>
         <input_file_ref idref="fl-3"/>
      </object_component>
      <object_component id="oc-1d3">
         <name>.text:IntRegister</name>
         <load_address>0x12c4</load_address>
         <run_address>0x12c4</run_address>
         <size>0x34</size>
         <input_file_ref idref="fl-d"/>
      </object_component>
      <object_component id="oc-e4">
         <name>.text:SysCtlPeripheralEnable</name>
         <load_address>0x12f8</load_address>
         <run_address>0x12f8</run_address>
         <size>0x34</size>
         <input_file_ref idref="fl-e"/>
      </object_component>
      <object_component id="oc-6c">
         <name>.text:_c_int00_noargs:_c_int00_noargs</name>
         <load_address>0x132c</load_address>
         <run_address>0x132c</run_address>
         <size>0x34</size>
         <input_file_ref idref="fl-ca"/>
      </object_component>
      <object_component id="oc-1a7">
         <name>.text:GPIODirModeSet</name>
         <load_address>0x1360</load_address>
         <run_address>0x1360</run_address>
         <size>0x2c</size>
         <input_file_ref idref="fl-c"/>
      </object_component>
      <object_component id="oc-1f5">
         <name>.text:_CANDataRegRead</name>
         <load_address>0x138c</load_address>
         <run_address>0x138c</run_address>
         <size>0x2a</size>
         <input_file_ref idref="fl-b"/>
      </object_component>
      <object_component id="oc-1ee">
         <name>.text:_CANDataRegWrite</name>
         <load_address>0x13b6</load_address>
         <run_address>0x13b6</run_address>
         <size>0x24</size>
         <input_file_ref idref="fl-b"/>
      </object_component>
      <object_component id="oc-21b">
         <name>.text:CANIntClear</name>
         <load_address>0x13da</load_address>
         <run_address>0x13da</run_address>
         <size>0x22</size>
         <input_file_ref idref="fl-b"/>
      </object_component>
      <object_component id="oc-215">
         <name>.text:CANIntStatus</name>
         <load_address>0x13fc</load_address>
         <run_address>0x13fc</run_address>
         <size>0x20</size>
         <input_file_ref idref="fl-b"/>
      </object_component>
      <object_component id="oc-144">
         <name>.text:RGBSet</name>
         <load_address>0x141c</load_address>
         <run_address>0x141c</run_address>
         <size>0x1c</size>
         <input_file_ref idref="fl-4"/>
      </object_component>
      <object_component id="oc-5a">
         <name>.text:decompress:ZI:__TI_zero_init_nomemset:__TI_zero_init_nomemset</name>
         <load_address>0x1438</load_address>
         <run_address>0x1438</run_address>
         <size>0x1c</size>
         <input_file_ref idref="fl-c7"/>
      </object_component>
      <object_component id="oc-13e">
         <name>.text:UARTprintf</name>
         <load_address>0x1454</load_address>
         <run_address>0x1454</run_address>
         <size>0x1a</size>
         <input_file_ref idref="fl-5"/>
      </object_component>
      <object_component id="oc-114">
         <name>.text:CANIntRegister</name>
         <load_address>0x146e</load_address>
         <run_address>0x146e</run_address>
         <size>0x18</size>
         <input_file_ref idref="fl-b"/>
      </object_component>
      <object_component id="oc-102">
         <name>.text:GPIOPinTypeCAN</name>
         <load_address>0x1486</load_address>
         <run_address>0x1486</run_address>
         <size>0x16</size>
         <input_file_ref idref="fl-c"/>
      </object_component>
      <object_component id="oc-f0">
         <name>.text:GPIOPinTypeUART</name>
         <load_address>0x149c</load_address>
         <run_address>0x149c</run_address>
         <size>0x16</size>
         <input_file_ref idref="fl-c"/>
      </object_component>
      <object_component id="oc-2be">
         <name>.text</name>
         <load_address>0x14b2</load_address>
         <run_address>0x14b2</run_address>
         <size>0x2</size>
         <input_file_ref idref="fl-cb"/>
      </object_component>
      <object_component id="oc-20e">
         <name>.text:RGBIntensitySet</name>
         <load_address>0x14b4</load_address>
         <run_address>0x14b4</run_address>
         <size>0x14</size>
         <input_file_ref idref="fl-4"/>
      </object_component>
      <object_component id="oc-1c">
         <name>.text:decompress:none:__TI_decompress_none</name>
         <load_address>0x14c8</load_address>
         <run_address>0x14c8</run_address>
         <size>0xe</size>
         <input_file_ref idref="fl-c8"/>
      </object_component>
      <object_component id="oc-126">
         <name>.text:CANEnable</name>
         <load_address>0x14d6</load_address>
         <run_address>0x14d6</run_address>
         <size>0xa</size>
         <input_file_ref idref="fl-b"/>
      </object_component>
      <object_component id="oc-11a">
         <name>.text:CANIntEnable</name>
         <load_address>0x14e0</load_address>
         <run_address>0x14e0</run_address>
         <size>0x8</size>
         <input_file_ref idref="fl-b"/>
      </object_component>
      <object_component id="oc-28">
         <name>.text:ResetISR</name>
         <load_address>0x14e8</load_address>
         <run_address>0x14e8</run_address>
         <size>0x6</size>
         <input_file_ref idref="fl-3"/>
      </object_component>
      <object_component id="oc-199">
         <name>.text:SysCtlDelay</name>
         <load_address>0x14ee</load_address>
         <run_address>0x14ee</run_address>
         <size>0x6</size>
         <input_file_ref idref="fl-e"/>
      </object_component>
      <object_component id="oc-ab">
         <name>.text:_system_pre_init</name>
         <load_address>0x14f4</load_address>
         <run_address>0x14f4</run_address>
         <size>0x4</size>
         <input_file_ref idref="fl-cf"/>
      </object_component>
      <object_component id="oc-159">
         <name>.text:abort:abort</name>
         <load_address>0x14f8</load_address>
         <run_address>0x14f8</run_address>
         <size>0x4</size>
         <input_file_ref idref="fl-d1"/>
      </object_component>
      <object_component id="oc-1a2">
         <name>.const:g_pui32GPIOBaseAddrs</name>
         <load_address>0x14fc</load_address>
         <run_address>0x14fc</run_address>
         <size>0x90</size>
         <input_file_ref idref="fl-c"/>
      </object_component>
      <object_component id="oc-1b4">
         <name>.const:g_pui32Xtals</name>
         <load_address>0x158c</load_address>
         <run_address>0x158c</run_address>
         <size>0x6c</size>
         <input_file_ref idref="fl-e"/>
      </object_component>
      <object_component id="oc-1c9">
         <name>.const:g_ui16CANBitValues</name>
         <load_address>0x15f8</load_address>
         <run_address>0x15f8</run_address>
         <size>0x20</size>
         <input_file_ref idref="fl-b"/>
      </object_component>
      <object_component id="oc-1e0">
         <name>.const:g_pui32EnRegs</name>
         <load_address>0x1618</load_address>
         <run_address>0x1618</run_address>
         <size>0x14</size>
         <input_file_ref idref="fl-d"/>
      </object_component>
      <object_component id="oc-1bb">
         <name>.const:g_ui32UARTBase</name>
         <load_address>0x162c</load_address>
         <run_address>0x162c</run_address>
         <size>0xc</size>
         <input_file_ref idref="fl-5"/>
      </object_component>
      <object_component id="oc-1b8">
         <name>.const:g_ui32UARTPeriph</name>
         <load_address>0x1638</load_address>
         <run_address>0x1638</run_address>
         <size>0xc</size>
         <input_file_ref idref="fl-5"/>
      </object_component>
      <object_component id="oc-305">
         <name>__TI_handler_table</name>
         <load_address>0x1648</load_address>
         <run_address>0x1648</run_address>
         <size>0xc</size>
      </object_component>
      <object_component id="oc-308">
         <name>.cinit..data.load</name>
         <load_address>0x1654</load_address>
         <run_address>0x1654</run_address>
         <size>0xb</size>
      </object_component>
      <object_component id="oc-309">
         <name>.cinit..bss.load</name>
         <load_address>0x1660</load_address>
         <run_address>0x1660</run_address>
         <size>0x8</size>
      </object_component>
      <object_component id="oc-307">
         <name>.cinit..vtable.load</name>
         <load_address>0x1668</load_address>
         <run_address>0x1668</run_address>
         <size>0x8</size>
      </object_component>
      <object_component id="oc-306">
         <name>__TI_cinit_table</name>
         <load_address>0x1670</load_address>
         <run_address>0x1670</run_address>
         <size>0x18</size>
      </object_component>
      <object_component id="oc-276">
         <name>.vtable</name>
         <uninitialized>true</uninitialized>
         <run_address>0x20000000</run_address>
         <size>0x26c</size>
         <input_file_ref idref="fl-d"/>
      </object_component>
      <object_component id="oc-150">
         <name>.data</name>
         <load_address>0x20000481</load_address>
         <run_address>0x20000481</run_address>
         <size>0x2</size>
         <input_file_ref idref="fl-2"/>
      </object_component>
      <object_component id="oc-28f">
         <name>.data</name>
         <load_address>0x20000484</load_address>
         <run_address>0x20000484</run_address>
         <size>0x4</size>
         <input_file_ref idref="fl-4"/>
      </object_component>
      <object_component id="oc-1be">
         <name>.data</name>
         <load_address>0x2000047c</load_address>
         <run_address>0x2000047c</run_address>
         <size>0x5</size>
         <input_file_ref idref="fl-5"/>
      </object_component>
      <object_component id="oc-292">
         <name>.bss:g_ui32Colors</name>
         <uninitialized>true</uninitialized>
         <run_address>0x20000470</run_address>
         <size>0xc</size>
         <input_file_ref idref="fl-4"/>
      </object_component>
      <object_component id="oc-25">
         <name>.stack</name>
         <uninitialized>true</uninitialized>
         <run_address>0x20000270</run_address>
         <size>0x4</size>
         <input_file_ref idref="fl-ca"/>
      </object_component>
      <object_component id="oc-30b">
         <name>.stack</name>
         <uninitialized>true</uninitialized>
         <run_address>0x20000270</run_address>
         <size>0x0</size>
      </object_component>
      <object_component id="oc-cd">
         <name>.debug_info</name>
         <load_address>0x0</load_address>
         <run_address>0x0</run_address>
         <size>0x69f</size>
         <input_file_ref idref="fl-2"/>
      </object_component>
      <object_component id="oc-151">
         <name>.debug_info</name>
         <load_address>0x69f</load_address>
         <run_address>0x69f</run_address>
         <size>0xf8</size>
         <input_file_ref idref="fl-2"/>
      </object_component>
      <object_component id="oc-b2">
         <name>.debug_info</name>
         <load_address>0x797</load_address>
         <run_address>0x797</run_address>
         <size>0x380</size>
         <input_file_ref idref="fl-2"/>
      </object_component>
      <object_component id="oc-14b">
         <name>.debug_info</name>
         <load_address>0xb17</load_address>
         <run_address>0xb17</run_address>
         <size>0x17f</size>
         <input_file_ref idref="fl-2"/>
      </object_component>
      <object_component id="oc-154">
         <name>.debug_info</name>
         <load_address>0xc96</load_address>
         <run_address>0xc96</run_address>
         <size>0x1b3</size>
         <input_file_ref idref="fl-2"/>
      </object_component>
      <object_component id="oc-86">
         <name>.debug_info</name>
         <load_address>0xe49</load_address>
         <run_address>0xe49</run_address>
         <size>0x26b</size>
         <input_file_ref idref="fl-2"/>
      </object_component>
      <object_component id="oc-c8">
         <name>.debug_info</name>
         <load_address>0x10b4</load_address>
         <run_address>0x10b4</run_address>
         <size>0x8b</size>
         <input_file_ref idref="fl-2"/>
      </object_component>
      <object_component id="oc-c3">
         <name>.debug_info</name>
         <load_address>0x113f</load_address>
         <run_address>0x113f</run_address>
         <size>0x2a4</size>
         <input_file_ref idref="fl-2"/>
      </object_component>
      <object_component id="oc-8b">
         <name>.debug_info</name>
         <load_address>0x13e3</load_address>
         <run_address>0x13e3</run_address>
         <size>0xbb</size>
         <input_file_ref idref="fl-2"/>
      </object_component>
      <object_component id="oc-203">
         <name>.debug_info</name>
         <load_address>0x149e</load_address>
         <run_address>0x149e</run_address>
         <size>0x2c</size>
         <input_file_ref idref="fl-2"/>
      </object_component>
      <object_component id="oc-42">
         <name>.debug_info</name>
         <load_address>0x14ca</load_address>
         <run_address>0x14ca</run_address>
         <size>0x2a8</size>
         <input_file_ref idref="fl-3"/>
      </object_component>
      <object_component id="oc-14">
         <name>.debug_info</name>
         <load_address>0x1772</load_address>
         <run_address>0x1772</run_address>
         <size>0xe7</size>
         <input_file_ref idref="fl-3"/>
      </object_component>
      <object_component id="oc-2a">
         <name>.debug_info</name>
         <load_address>0x1859</load_address>
         <run_address>0x1859</run_address>
         <size>0x117</size>
         <input_file_ref idref="fl-3"/>
      </object_component>
      <object_component id="oc-30">
         <name>.debug_info</name>
         <load_address>0x1970</load_address>
         <run_address>0x1970</run_address>
         <size>0x106</size>
         <input_file_ref idref="fl-3"/>
      </object_component>
      <object_component id="oc-3d">
         <name>.debug_info</name>
         <load_address>0x1a76</load_address>
         <run_address>0x1a76</run_address>
         <size>0x120</size>
         <input_file_ref idref="fl-3"/>
      </object_component>
      <object_component id="oc-37">
         <name>.debug_info</name>
         <load_address>0x1b96</load_address>
         <run_address>0x1b96</run_address>
         <size>0x10e</size>
         <input_file_ref idref="fl-3"/>
      </object_component>
      <object_component id="oc-49">
         <name>.debug_info</name>
         <load_address>0x1ca4</load_address>
         <run_address>0x1ca4</run_address>
         <size>0x84</size>
         <input_file_ref idref="fl-3"/>
      </object_component>
      <object_component id="oc-1ed">
         <name>.debug_info</name>
         <load_address>0x1d28</load_address>
         <run_address>0x1d28</run_address>
         <size>0x2bc</size>
         <input_file_ref idref="fl-4"/>
      </object_component>
      <object_component id="oc-293">
         <name>.debug_info</name>
         <load_address>0x1fe4</load_address>
         <run_address>0x1fe4</run_address>
         <size>0xe6</size>
         <input_file_ref idref="fl-4"/>
      </object_component>
      <object_component id="oc-290">
         <name>.debug_info</name>
         <load_address>0x20ca</load_address>
         <run_address>0x20ca</run_address>
         <size>0xe6</size>
         <input_file_ref idref="fl-4"/>
      </object_component>
      <object_component id="oc-209">
         <name>.debug_info</name>
         <load_address>0x21b0</load_address>
         <run_address>0x21b0</run_address>
         <size>0x174</size>
         <input_file_ref idref="fl-4"/>
      </object_component>
      <object_component id="oc-20f">
         <name>.debug_info</name>
         <load_address>0x2324</load_address>
         <run_address>0x2324</run_address>
         <size>0x171</size>
         <input_file_ref idref="fl-4"/>
      </object_component>
      <object_component id="oc-145">
         <name>.debug_info</name>
         <load_address>0x2495</load_address>
         <run_address>0x2495</run_address>
         <size>0x17f</size>
         <input_file_ref idref="fl-4"/>
      </object_component>
      <object_component id="oc-1e7">
         <name>.debug_info</name>
         <load_address>0x2614</load_address>
         <run_address>0x2614</run_address>
         <size>0x16d</size>
         <input_file_ref idref="fl-4"/>
      </object_component>
      <object_component id="oc-12d">
         <name>.debug_info</name>
         <load_address>0x2781</load_address>
         <run_address>0x2781</run_address>
         <size>0x1ac</size>
         <input_file_ref idref="fl-4"/>
      </object_component>
      <object_component id="oc-1c5">
         <name>.debug_info</name>
         <load_address>0x292d</load_address>
         <run_address>0x292d</run_address>
         <size>0x2c4</size>
         <input_file_ref idref="fl-5"/>
      </object_component>
      <object_component id="oc-1bf">
         <name>.debug_info</name>
         <load_address>0x2bf1</load_address>
         <run_address>0x2bf1</run_address>
         <size>0x105</size>
         <input_file_ref idref="fl-5"/>
      </object_component>
      <object_component id="oc-1bc">
         <name>.debug_info</name>
         <load_address>0x2cf6</load_address>
         <run_address>0x2cf6</run_address>
         <size>0x10d</size>
         <input_file_ref idref="fl-5"/>
      </object_component>
      <object_component id="oc-1b9">
         <name>.debug_info</name>
         <load_address>0x2e03</load_address>
         <run_address>0x2e03</run_address>
         <size>0x111</size>
         <input_file_ref idref="fl-5"/>
      </object_component>
      <object_component id="oc-284">
         <name>.debug_info</name>
         <load_address>0x2f14</load_address>
         <run_address>0x2f14</run_address>
         <size>0x1fc</size>
         <input_file_ref idref="fl-5"/>
      </object_component>
      <object_component id="oc-1fd">
         <name>.debug_info</name>
         <load_address>0x3110</load_address>
         <run_address>0x3110</run_address>
         <size>0x32e</size>
         <input_file_ref idref="fl-5"/>
      </object_component>
      <object_component id="oc-13f">
         <name>.debug_info</name>
         <load_address>0x343e</load_address>
         <run_address>0x343e</run_address>
         <size>0x1c9</size>
         <input_file_ref idref="fl-5"/>
      </object_component>
      <object_component id="oc-1c1">
         <name>.debug_info</name>
         <load_address>0x3607</load_address>
         <run_address>0x3607</run_address>
         <size>0x247</size>
         <input_file_ref idref="fl-5"/>
      </object_component>
      <object_component id="oc-fd">
         <name>.debug_info</name>
         <load_address>0x384e</load_address>
         <run_address>0x384e</run_address>
         <size>0x25f</size>
         <input_file_ref idref="fl-5"/>
      </object_component>
      <object_component id="oc-1c8">
         <name>.debug_info</name>
         <load_address>0x3aad</load_address>
         <run_address>0x3aad</run_address>
         <size>0x3d0</size>
         <input_file_ref idref="fl-b"/>
      </object_component>
      <object_component id="oc-1ca">
         <name>.debug_info</name>
         <load_address>0x3e7d</load_address>
         <run_address>0x3e7d</run_address>
         <size>0x15f</size>
         <input_file_ref idref="fl-b"/>
      </object_component>
      <object_component id="oc-225">
         <name>.debug_info</name>
         <load_address>0x3fdc</load_address>
         <run_address>0x3fdc</run_address>
         <size>0x28f</size>
         <input_file_ref idref="fl-b"/>
      </object_component>
      <object_component id="oc-1f2">
         <name>.debug_info</name>
         <load_address>0x426b</load_address>
         <run_address>0x426b</run_address>
         <size>0x2e6</size>
         <input_file_ref idref="fl-b"/>
      </object_component>
      <object_component id="oc-136">
         <name>.debug_info</name>
         <load_address>0x4551</load_address>
         <run_address>0x4551</run_address>
         <size>0x41c</size>
         <input_file_ref idref="fl-b"/>
      </object_component>
      <object_component id="oc-1f9">
         <name>.debug_info</name>
         <load_address>0x496d</load_address>
         <run_address>0x496d</run_address>
         <size>0x2e7</size>
         <input_file_ref idref="fl-b"/>
      </object_component>
      <object_component id="oc-13c">
         <name>.debug_info</name>
         <load_address>0x4c54</load_address>
         <run_address>0x4c54</run_address>
         <size>0x3f1</size>
         <input_file_ref idref="fl-b"/>
      </object_component>
      <object_component id="oc-1d1">
         <name>.debug_info</name>
         <load_address>0x5045</load_address>
         <run_address>0x5045</run_address>
         <size>0x280</size>
         <input_file_ref idref="fl-b"/>
      </object_component>
      <object_component id="oc-219">
         <name>.debug_info</name>
         <load_address>0x52c5</load_address>
         <run_address>0x52c5</run_address>
         <size>0x295</size>
         <input_file_ref idref="fl-b"/>
      </object_component>
      <object_component id="oc-118">
         <name>.debug_info</name>
         <load_address>0x555a</load_address>
         <run_address>0x555a</run_address>
         <size>0x2d0</size>
         <input_file_ref idref="fl-b"/>
      </object_component>
      <object_component id="oc-11e">
         <name>.debug_info</name>
         <load_address>0x582a</load_address>
         <run_address>0x582a</run_address>
         <size>0x293</size>
         <input_file_ref idref="fl-b"/>
      </object_component>
      <object_component id="oc-21f">
         <name>.debug_info</name>
         <load_address>0x5abd</load_address>
         <run_address>0x5abd</run_address>
         <size>0x28f</size>
         <input_file_ref idref="fl-b"/>
      </object_component>
      <object_component id="oc-10a">
         <name>.debug_info</name>
         <load_address>0x5d4c</load_address>
         <run_address>0x5d4c</run_address>
         <size>0x275</size>
         <input_file_ref idref="fl-b"/>
      </object_component>
      <object_component id="oc-12a">
         <name>.debug_info</name>
         <load_address>0x5fc1</load_address>
         <run_address>0x5fc1</run_address>
         <size>0x24b</size>
         <input_file_ref idref="fl-b"/>
      </object_component>
      <object_component id="oc-112">
         <name>.debug_info</name>
         <load_address>0x620c</load_address>
         <run_address>0x620c</run_address>
         <size>0x369</size>
         <input_file_ref idref="fl-b"/>
      </object_component>
      <object_component id="oc-26e">
         <name>.debug_info</name>
         <load_address>0x6575</load_address>
         <run_address>0x6575</run_address>
         <size>0x1b3</size>
         <input_file_ref idref="fl-b"/>
      </object_component>
      <object_component id="oc-255">
         <name>.debug_info</name>
         <load_address>0x6728</load_address>
         <run_address>0x6728</run_address>
         <size>0x26b</size>
         <input_file_ref idref="fl-b"/>
      </object_component>
      <object_component id="oc-24a">
         <name>.debug_info</name>
         <load_address>0x6993</load_address>
         <run_address>0x6993</run_address>
         <size>0x297</size>
         <input_file_ref idref="fl-b"/>
      </object_component>
      <object_component id="oc-1da">
         <name>.debug_info</name>
         <load_address>0x6c2a</load_address>
         <run_address>0x6c2a</run_address>
         <size>0xef</size>
         <input_file_ref idref="fl-b"/>
      </object_component>
      <object_component id="oc-19b">
         <name>.debug_info</name>
         <load_address>0x6d19</load_address>
         <run_address>0x6d19</run_address>
         <size>0xbb</size>
         <input_file_ref idref="fl-b"/>
      </object_component>
      <object_component id="oc-1a6">
         <name>.debug_info</name>
         <load_address>0x6dd4</load_address>
         <run_address>0x6dd4</run_address>
         <size>0x3e4</size>
         <input_file_ref idref="fl-c"/>
      </object_component>
      <object_component id="oc-1a3">
         <name>.debug_info</name>
         <load_address>0x71b8</load_address>
         <run_address>0x71b8</run_address>
         <size>0x164</size>
         <input_file_ref idref="fl-c"/>
      </object_component>
      <object_component id="oc-1a8">
         <name>.debug_info</name>
         <load_address>0x731c</load_address>
         <run_address>0x731c</run_address>
         <size>0x2bc</size>
         <input_file_ref idref="fl-c"/>
      </object_component>
      <object_component id="oc-1ae">
         <name>.debug_info</name>
         <load_address>0x75d8</load_address>
         <run_address>0x75d8</run_address>
         <size>0x31f</size>
         <input_file_ref idref="fl-c"/>
      </object_component>
      <object_component id="oc-f1">
         <name>.debug_info</name>
         <load_address>0x78f7</load_address>
         <run_address>0x78f7</run_address>
         <size>0x29b</size>
         <input_file_ref idref="fl-c"/>
      </object_component>
      <object_component id="oc-103">
         <name>.debug_info</name>
         <load_address>0x7b92</load_address>
         <run_address>0x7b92</run_address>
         <size>0x299</size>
         <input_file_ref idref="fl-c"/>
      </object_component>
      <object_component id="oc-eb">
         <name>.debug_info</name>
         <load_address>0x7e2b</load_address>
         <run_address>0x7e2b</run_address>
         <size>0x289</size>
         <input_file_ref idref="fl-c"/>
      </object_component>
      <object_component id="oc-1e4">
         <name>.debug_info</name>
         <load_address>0x80b4</load_address>
         <run_address>0x80b4</run_address>
         <size>0x3b7</size>
         <input_file_ref idref="fl-d"/>
      </object_component>
      <object_component id="oc-1e1">
         <name>.debug_info</name>
         <load_address>0x846b</load_address>
         <run_address>0x846b</run_address>
         <size>0x15b</size>
         <input_file_ref idref="fl-d"/>
      </object_component>
      <object_component id="oc-277">
         <name>.debug_info</name>
         <load_address>0x85c6</load_address>
         <run_address>0x85c6</run_address>
         <size>0x160</size>
         <input_file_ref idref="fl-d"/>
      </object_component>
      <object_component id="oc-1d5">
         <name>.debug_info</name>
         <load_address>0x8726</load_address>
         <run_address>0x8726</run_address>
         <size>0x2ca</size>
         <input_file_ref idref="fl-d"/>
      </object_component>
      <object_component id="oc-122">
         <name>.debug_info</name>
         <load_address>0x89f0</load_address>
         <run_address>0x89f0</run_address>
         <size>0x271</size>
         <input_file_ref idref="fl-d"/>
      </object_component>
      <object_component id="oc-1a0">
         <name>.debug_info</name>
         <load_address>0x8c61</load_address>
         <run_address>0x8c61</run_address>
         <size>0x441</size>
         <input_file_ref idref="fl-e"/>
      </object_component>
      <object_component id="oc-1b5">
         <name>.debug_info</name>
         <load_address>0x90a2</load_address>
         <run_address>0x90a2</run_address>
         <size>0x156</size>
         <input_file_ref idref="fl-e"/>
      </object_component>
      <object_component id="oc-e5">
         <name>.debug_info</name>
         <load_address>0x91f8</load_address>
         <run_address>0x91f8</run_address>
         <size>0x286</size>
         <input_file_ref idref="fl-e"/>
      </object_component>
      <object_component id="oc-df">
         <name>.debug_info</name>
         <load_address>0x947e</load_address>
         <run_address>0x947e</run_address>
         <size>0x2e4</size>
         <input_file_ref idref="fl-e"/>
      </object_component>
      <object_component id="oc-f7">
         <name>.debug_info</name>
         <load_address>0x9762</load_address>
         <run_address>0x9762</run_address>
         <size>0x2be</size>
         <input_file_ref idref="fl-e"/>
      </object_component>
      <object_component id="oc-251">
         <name>.debug_info</name>
         <load_address>0x9a20</load_address>
         <run_address>0x9a20</run_address>
         <size>0x51</size>
         <input_file_ref idref="fl-e"/>
      </object_component>
      <object_component id="oc-28b">
         <name>.debug_info</name>
         <load_address>0x9a71</load_address>
         <run_address>0x9a71</run_address>
         <size>0x142</size>
         <input_file_ref idref="fl-c6"/>
      </object_component>
      <object_component id="oc-a4">
         <name>.debug_info</name>
         <load_address>0x9bb3</load_address>
         <run_address>0x9bb3</run_address>
         <size>0x2d4</size>
         <input_file_ref idref="fl-c7"/>
      </object_component>
      <object_component id="oc-5b">
         <name>.debug_info</name>
         <load_address>0x9e87</load_address>
         <run_address>0x9e87</run_address>
         <size>0x1d2</size>
         <input_file_ref idref="fl-c7"/>
      </object_component>
      <object_component id="oc-9f">
         <name>.debug_info</name>
         <load_address>0xa059</load_address>
         <run_address>0xa059</run_address>
         <size>0x46</size>
         <input_file_ref idref="fl-c7"/>
      </object_component>
      <object_component id="oc-d5">
         <name>.debug_info</name>
         <load_address>0xa09f</load_address>
         <run_address>0xa09f</run_address>
         <size>0x2c</size>
         <input_file_ref idref="fl-c7"/>
      </object_component>
      <object_component id="oc-59">
         <name>.debug_info</name>
         <load_address>0xa0cb</load_address>
         <run_address>0xa0cb</run_address>
         <size>0x2a8</size>
         <input_file_ref idref="fl-c8"/>
      </object_component>
      <object_component id="oc-1f">
         <name>.debug_info</name>
         <load_address>0xa373</load_address>
         <run_address>0xa373</run_address>
         <size>0x1ea</size>
         <input_file_ref idref="fl-c8"/>
      </object_component>
      <object_component id="oc-54">
         <name>.debug_info</name>
         <load_address>0xa55d</load_address>
         <run_address>0xa55d</run_address>
         <size>0x46</size>
         <input_file_ref idref="fl-c8"/>
      </object_component>
      <object_component id="oc-97">
         <name>.debug_info</name>
         <load_address>0xa5a3</load_address>
         <run_address>0xa5a3</run_address>
         <size>0x2c</size>
         <input_file_ref idref="fl-c8"/>
      </object_component>
      <object_component id="oc-95">
         <name>.debug_info</name>
         <load_address>0xa5cf</load_address>
         <run_address>0xa5cf</run_address>
         <size>0x29e</size>
         <input_file_ref idref="fl-c9"/>
      </object_component>
      <object_component id="oc-18">
         <name>.debug_info</name>
         <load_address>0xa86d</load_address>
         <run_address>0xa86d</run_address>
         <size>0x250</size>
         <input_file_ref idref="fl-c9"/>
      </object_component>
      <object_component id="oc-44">
         <name>.debug_info</name>
         <load_address>0xaabd</load_address>
         <run_address>0xaabd</run_address>
         <size>0x60</size>
         <input_file_ref idref="fl-c9"/>
      </object_component>
      <object_component id="oc-ce">
         <name>.debug_info</name>
         <load_address>0xab1d</load_address>
         <run_address>0xab1d</run_address>
         <size>0x46</size>
         <input_file_ref idref="fl-c9"/>
      </object_component>
      <object_component id="oc-90">
         <name>.debug_info</name>
         <load_address>0xab63</load_address>
         <run_address>0xab63</run_address>
         <size>0x39</size>
         <input_file_ref idref="fl-c9"/>
      </object_component>
      <object_component id="oc-26">
         <name>.debug_info</name>
         <load_address>0xab9c</load_address>
         <run_address>0xab9c</run_address>
         <size>0x10b</size>
         <input_file_ref idref="fl-ca"/>
      </object_component>
      <object_component id="oc-6e">
         <name>.debug_info</name>
         <load_address>0xaca7</load_address>
         <run_address>0xaca7</run_address>
         <size>0x1a9</size>
         <input_file_ref idref="fl-ca"/>
      </object_component>
      <object_component id="oc-2bf">
         <name>.debug_info</name>
         <load_address>0xae50</load_address>
         <run_address>0xae50</run_address>
         <size>0x115</size>
         <input_file_ref idref="fl-cb"/>
      </object_component>
      <object_component id="oc-4f">
         <name>.debug_info</name>
         <load_address>0xaf65</load_address>
         <run_address>0xaf65</run_address>
         <size>0x119</size>
         <input_file_ref idref="fl-cc"/>
      </object_component>
      <object_component id="oc-235">
         <name>.debug_info</name>
         <load_address>0xb07e</load_address>
         <run_address>0xb07e</run_address>
         <size>0x4b3</size>
         <input_file_ref idref="fl-ce"/>
      </object_component>
      <object_component id="oc-166">
         <name>.debug_info</name>
         <load_address>0xb531</load_address>
         <run_address>0xb531</run_address>
         <size>0x1a6</size>
         <input_file_ref idref="fl-ce"/>
      </object_component>
      <object_component id="oc-2aa">
         <name>.debug_info</name>
         <load_address>0xb6d7</load_address>
         <run_address>0xb6d7</run_address>
         <size>0x39</size>
         <input_file_ref idref="fl-ce"/>
      </object_component>
      <object_component id="oc-2cb">
         <name>.debug_info</name>
         <load_address>0xb710</load_address>
         <run_address>0xb710</run_address>
         <size>0x39</size>
         <input_file_ref idref="fl-ce"/>
      </object_component>
      <object_component id="oc-2af">
         <name>.debug_info</name>
         <load_address>0xb749</load_address>
         <run_address>0xb749</run_address>
         <size>0x39</size>
         <input_file_ref idref="fl-ce"/>
      </object_component>
      <object_component id="oc-2b4">
         <name>.debug_info</name>
         <load_address>0xb782</load_address>
         <run_address>0xb782</run_address>
         <size>0xcd</size>
         <input_file_ref idref="fl-ce"/>
      </object_component>
      <object_component id="oc-af">
         <name>.debug_info</name>
         <load_address>0xb84f</load_address>
         <run_address>0xb84f</run_address>
         <size>0x153</size>
         <input_file_ref idref="fl-cf"/>
      </object_component>
      <object_component id="oc-15c">
         <name>.debug_info</name>
         <load_address>0xb9a2</load_address>
         <run_address>0xb9a2</run_address>
         <size>0x122</size>
         <input_file_ref idref="fl-d1"/>
      </object_component>
      <object_component id="oc-30c">
         <name>.debug_info</name>
         <load_address>0xbac4</load_address>
         <run_address>0xbac4</run_address>
         <size>0xa7</size>
      </object_component>
      <object_component id="oc-198">
         <name>.debug_line</name>
         <load_address>0x0</load_address>
         <run_address>0x0</run_address>
         <size>0x149</size>
         <input_file_ref idref="fl-2"/>
      </object_component>
      <object_component id="oc-229">
         <name>.debug_line</name>
         <load_address>0x149</load_address>
         <run_address>0x149</run_address>
         <size>0x32</size>
         <input_file_ref idref="fl-2"/>
      </object_component>
      <object_component id="oc-b6">
         <name>.debug_line</name>
         <load_address>0x17b</load_address>
         <run_address>0x17b</run_address>
         <size>0xae</size>
         <input_file_ref idref="fl-2"/>
      </object_component>
      <object_component id="oc-14e">
         <name>.debug_line</name>
         <load_address>0x229</load_address>
         <run_address>0x229</run_address>
         <size>0x55</size>
         <input_file_ref idref="fl-2"/>
      </object_component>
      <object_component id="oc-157">
         <name>.debug_line</name>
         <load_address>0x27e</load_address>
         <run_address>0x27e</run_address>
         <size>0x55</size>
         <input_file_ref idref="fl-2"/>
      </object_component>
      <object_component id="oc-89">
         <name>.debug_line</name>
         <load_address>0x2d3</load_address>
         <run_address>0x2d3</run_address>
         <size>0x6f</size>
         <input_file_ref idref="fl-2"/>
      </object_component>
      <object_component id="oc-cb">
         <name>.debug_line</name>
         <load_address>0x342</load_address>
         <run_address>0x342</run_address>
         <size>0x20</size>
         <input_file_ref idref="fl-2"/>
      </object_component>
      <object_component id="oc-c6">
         <name>.debug_line</name>
         <load_address>0x362</load_address>
         <run_address>0x362</run_address>
         <size>0x73</size>
         <input_file_ref idref="fl-2"/>
      </object_component>
      <object_component id="oc-8e">
         <name>.debug_line</name>
         <load_address>0x3d5</load_address>
         <run_address>0x3d5</run_address>
         <size>0x70</size>
         <input_file_ref idref="fl-2"/>
      </object_component>
      <object_component id="oc-206">
         <name>.debug_line</name>
         <load_address>0x445</load_address>
         <run_address>0x445</run_address>
         <size>0x6b</size>
         <input_file_ref idref="fl-2"/>
      </object_component>
      <object_component id="oc-85">
         <name>.debug_line</name>
         <load_address>0x4b0</load_address>
         <run_address>0x4b0</run_address>
         <size>0x34</size>
         <input_file_ref idref="fl-3"/>
      </object_component>
      <object_component id="oc-41">
         <name>.debug_line</name>
         <load_address>0x4e4</load_address>
         <run_address>0x4e4</run_address>
         <size>0x34</size>
         <input_file_ref idref="fl-3"/>
      </object_component>
      <object_component id="oc-2d">
         <name>.debug_line</name>
         <load_address>0x518</load_address>
         <run_address>0x518</run_address>
         <size>0x46</size>
         <input_file_ref idref="fl-3"/>
      </object_component>
      <object_component id="oc-33">
         <name>.debug_line</name>
         <load_address>0x55e</load_address>
         <run_address>0x55e</run_address>
         <size>0x49</size>
         <input_file_ref idref="fl-3"/>
      </object_component>
      <object_component id="oc-3c">
         <name>.debug_line</name>
         <load_address>0x5a7</load_address>
         <run_address>0x5a7</run_address>
         <size>0x49</size>
         <input_file_ref idref="fl-3"/>
      </object_component>
      <object_component id="oc-39">
         <name>.debug_line</name>
         <load_address>0x5f0</load_address>
         <run_address>0x5f0</run_address>
         <size>0x49</size>
         <input_file_ref idref="fl-3"/>
      </object_component>
      <object_component id="oc-4c">
         <name>.debug_line</name>
         <load_address>0x639</load_address>
         <run_address>0x639</run_address>
         <size>0x20</size>
         <input_file_ref idref="fl-3"/>
      </object_component>
      <object_component id="oc-280">
         <name>.debug_line</name>
         <load_address>0x659</load_address>
         <run_address>0x659</run_address>
         <size>0x58</size>
         <input_file_ref idref="fl-4"/>
      </object_component>
      <object_component id="oc-2c7">
         <name>.debug_line</name>
         <load_address>0x6b1</load_address>
         <run_address>0x6b1</run_address>
         <size>0x34</size>
         <input_file_ref idref="fl-4"/>
      </object_component>
      <object_component id="oc-2c5">
         <name>.debug_line</name>
         <load_address>0x6e5</load_address>
         <run_address>0x6e5</run_address>
         <size>0x34</size>
         <input_file_ref idref="fl-4"/>
      </object_component>
      <object_component id="oc-20d">
         <name>.debug_line</name>
         <load_address>0x719</load_address>
         <run_address>0x719</run_address>
         <size>0x61</size>
         <input_file_ref idref="fl-4"/>
      </object_component>
      <object_component id="oc-212">
         <name>.debug_line</name>
         <load_address>0x77a</load_address>
         <run_address>0x77a</run_address>
         <size>0x4a</size>
         <input_file_ref idref="fl-4"/>
      </object_component>
      <object_component id="oc-149">
         <name>.debug_line</name>
         <load_address>0x7c4</load_address>
         <run_address>0x7c4</run_address>
         <size>0x4a</size>
         <input_file_ref idref="fl-4"/>
      </object_component>
      <object_component id="oc-1eb">
         <name>.debug_line</name>
         <load_address>0x80e</load_address>
         <run_address>0x80e</run_address>
         <size>0x58</size>
         <input_file_ref idref="fl-4"/>
      </object_component>
      <object_component id="oc-130">
         <name>.debug_line</name>
         <load_address>0x866</load_address>
         <run_address>0x866</run_address>
         <size>0x77</size>
         <input_file_ref idref="fl-4"/>
      </object_component>
      <object_component id="oc-26b">
         <name>.debug_line</name>
         <load_address>0x8dd</load_address>
         <run_address>0x8dd</run_address>
         <size>0x20</size>
         <input_file_ref idref="fl-5"/>
      </object_component>
      <object_component id="oc-267">
         <name>.debug_line</name>
         <load_address>0x8fd</load_address>
         <run_address>0x8fd</run_address>
         <size>0x57</size>
         <input_file_ref idref="fl-5"/>
      </object_component>
      <object_component id="oc-265">
         <name>.debug_line</name>
         <load_address>0x954</load_address>
         <run_address>0x954</run_address>
         <size>0x57</size>
         <input_file_ref idref="fl-5"/>
      </object_component>
      <object_component id="oc-263">
         <name>.debug_line</name>
         <load_address>0x9ab</load_address>
         <run_address>0x9ab</run_address>
         <size>0x57</size>
         <input_file_ref idref="fl-5"/>
      </object_component>
      <object_component id="oc-288">
         <name>.debug_line</name>
         <load_address>0xa02</load_address>
         <run_address>0xa02</run_address>
         <size>0x95</size>
         <input_file_ref idref="fl-5"/>
      </object_component>
      <object_component id="oc-201">
         <name>.debug_line</name>
         <load_address>0xa97</load_address>
         <run_address>0xa97</run_address>
         <size>0x186</size>
         <input_file_ref idref="fl-5"/>
      </object_component>
      <object_component id="oc-142">
         <name>.debug_line</name>
         <load_address>0xc1d</load_address>
         <run_address>0xc1d</run_address>
         <size>0x6e</size>
         <input_file_ref idref="fl-5"/>
      </object_component>
      <object_component id="oc-269">
         <name>.debug_line</name>
         <load_address>0xc8b</load_address>
         <run_address>0xc8b</run_address>
         <size>0xb2</size>
         <input_file_ref idref="fl-5"/>
      </object_component>
      <object_component id="oc-100">
         <name>.debug_line</name>
         <load_address>0xd3d</load_address>
         <run_address>0xd3d</run_address>
         <size>0x78</size>
         <input_file_ref idref="fl-5"/>
      </object_component>
      <object_component id="oc-26d">
         <name>.debug_line</name>
         <load_address>0xdb5</load_address>
         <run_address>0xdb5</run_address>
         <size>0x82</size>
         <input_file_ref idref="fl-b"/>
      </object_component>
      <object_component id="oc-274">
         <name>.debug_line</name>
         <load_address>0xe37</load_address>
         <run_address>0xe37</run_address>
         <size>0x7c</size>
         <input_file_ref idref="fl-b"/>
      </object_component>
      <object_component id="oc-223">
         <name>.debug_line</name>
         <load_address>0xeb3</load_address>
         <run_address>0xeb3</run_address>
         <size>0xb2</size>
         <input_file_ref idref="fl-b"/>
      </object_component>
      <object_component id="oc-1f0">
         <name>.debug_line</name>
         <load_address>0xf65</load_address>
         <run_address>0xf65</run_address>
         <size>0xa2</size>
         <input_file_ref idref="fl-b"/>
      </object_component>
      <object_component id="oc-134">
         <name>.debug_line</name>
         <load_address>0x1007</load_address>
         <run_address>0x1007</run_address>
         <size>0x131</size>
         <input_file_ref idref="fl-b"/>
      </object_component>
      <object_component id="oc-1f7">
         <name>.debug_line</name>
         <load_address>0x1138</load_address>
         <run_address>0x1138</run_address>
         <size>0xa5</size>
         <input_file_ref idref="fl-b"/>
      </object_component>
      <object_component id="oc-13b">
         <name>.debug_line</name>
         <load_address>0x11dd</load_address>
         <run_address>0x11dd</run_address>
         <size>0x10e</size>
         <input_file_ref idref="fl-b"/>
      </object_component>
      <object_component id="oc-1cf">
         <name>.debug_line</name>
         <load_address>0x12eb</load_address>
         <run_address>0x12eb</run_address>
         <size>0xb2</size>
         <input_file_ref idref="fl-b"/>
      </object_component>
      <object_component id="oc-218">
         <name>.debug_line</name>
         <load_address>0x139d</load_address>
         <run_address>0x139d</run_address>
         <size>0x9e</size>
         <input_file_ref idref="fl-b"/>
      </object_component>
      <object_component id="oc-117">
         <name>.debug_line</name>
         <load_address>0x143b</load_address>
         <run_address>0x143b</run_address>
         <size>0x98</size>
         <input_file_ref idref="fl-b"/>
      </object_component>
      <object_component id="oc-11d">
         <name>.debug_line</name>
         <load_address>0x14d3</load_address>
         <run_address>0x14d3</run_address>
         <size>0x91</size>
         <input_file_ref idref="fl-b"/>
      </object_component>
      <object_component id="oc-21d">
         <name>.debug_line</name>
         <load_address>0x1564</load_address>
         <run_address>0x1564</run_address>
         <size>0x98</size>
         <input_file_ref idref="fl-b"/>
      </object_component>
      <object_component id="oc-10c">
         <name>.debug_line</name>
         <load_address>0x15fc</load_address>
         <run_address>0x15fc</run_address>
         <size>0xa9</size>
         <input_file_ref idref="fl-b"/>
      </object_component>
      <object_component id="oc-129">
         <name>.debug_line</name>
         <load_address>0x16a5</load_address>
         <run_address>0x16a5</run_address>
         <size>0x91</size>
         <input_file_ref idref="fl-b"/>
      </object_component>
      <object_component id="oc-111">
         <name>.debug_line</name>
         <load_address>0x1736</load_address>
         <run_address>0x1736</run_address>
         <size>0xd0</size>
         <input_file_ref idref="fl-b"/>
      </object_component>
      <object_component id="oc-271">
         <name>.debug_line</name>
         <load_address>0x1806</load_address>
         <run_address>0x1806</run_address>
         <size>0x7c</size>
         <input_file_ref idref="fl-b"/>
      </object_component>
      <object_component id="oc-258">
         <name>.debug_line</name>
         <load_address>0x1882</load_address>
         <run_address>0x1882</run_address>
         <size>0x71</size>
         <input_file_ref idref="fl-b"/>
      </object_component>
      <object_component id="oc-24d">
         <name>.debug_line</name>
         <load_address>0x18f3</load_address>
         <run_address>0x18f3</run_address>
         <size>0x75</size>
         <input_file_ref idref="fl-b"/>
      </object_component>
      <object_component id="oc-1dd">
         <name>.debug_line</name>
         <load_address>0x1968</load_address>
         <run_address>0x1968</run_address>
         <size>0x71</size>
         <input_file_ref idref="fl-b"/>
      </object_component>
      <object_component id="oc-19e">
         <name>.debug_line</name>
         <load_address>0x19d9</load_address>
         <run_address>0x19d9</run_address>
         <size>0x72</size>
         <input_file_ref idref="fl-b"/>
      </object_component>
      <object_component id="oc-25d">
         <name>.debug_line</name>
         <load_address>0x1a4b</load_address>
         <run_address>0x1a4b</run_address>
         <size>0x82</size>
         <input_file_ref idref="fl-c"/>
      </object_component>
      <object_component id="oc-25b">
         <name>.debug_line</name>
         <load_address>0x1acd</load_address>
         <run_address>0x1acd</run_address>
         <size>0x7d</size>
         <input_file_ref idref="fl-c"/>
      </object_component>
      <object_component id="oc-1ab">
         <name>.debug_line</name>
         <load_address>0x1b4a</load_address>
         <run_address>0x1b4a</run_address>
         <size>0x95</size>
         <input_file_ref idref="fl-c"/>
      </object_component>
      <object_component id="oc-1b1">
         <name>.debug_line</name>
         <load_address>0x1bdf</load_address>
         <run_address>0x1bdf</run_address>
         <size>0xc4</size>
         <input_file_ref idref="fl-c"/>
      </object_component>
      <object_component id="oc-f4">
         <name>.debug_line</name>
         <load_address>0x1ca3</load_address>
         <run_address>0x1ca3</run_address>
         <size>0x99</size>
         <input_file_ref idref="fl-c"/>
      </object_component>
      <object_component id="oc-106">
         <name>.debug_line</name>
         <load_address>0x1d3c</load_address>
         <run_address>0x1d3c</run_address>
         <size>0x99</size>
         <input_file_ref idref="fl-c"/>
      </object_component>
      <object_component id="oc-ef">
         <name>.debug_line</name>
         <load_address>0x1dd5</load_address>
         <run_address>0x1dd5</run_address>
         <size>0xa7</size>
         <input_file_ref idref="fl-c"/>
      </object_component>
      <object_component id="oc-27d">
         <name>.debug_line</name>
         <load_address>0x1e7c</load_address>
         <run_address>0x1e7c</run_address>
         <size>0x7c</size>
         <input_file_ref idref="fl-d"/>
      </object_component>
      <object_component id="oc-27b">
         <name>.debug_line</name>
         <load_address>0x1ef8</load_address>
         <run_address>0x1ef8</run_address>
         <size>0x82</size>
         <input_file_ref idref="fl-d"/>
      </object_component>
      <object_component id="oc-2bc">
         <name>.debug_line</name>
         <load_address>0x1f7a</load_address>
         <run_address>0x1f7a</run_address>
         <size>0x82</size>
         <input_file_ref idref="fl-d"/>
      </object_component>
      <object_component id="oc-1d8">
         <name>.debug_line</name>
         <load_address>0x1ffc</load_address>
         <run_address>0x1ffc</run_address>
         <size>0xaf</size>
         <input_file_ref idref="fl-d"/>
      </object_component>
      <object_component id="oc-125">
         <name>.debug_line</name>
         <load_address>0x20ab</load_address>
         <run_address>0x20ab</run_address>
         <size>0xc2</size>
         <input_file_ref idref="fl-d"/>
      </object_component>
      <object_component id="oc-250">
         <name>.debug_line</name>
         <load_address>0x216d</load_address>
         <run_address>0x216d</run_address>
         <size>0x13d</size>
         <input_file_ref idref="fl-e"/>
      </object_component>
      <object_component id="oc-261">
         <name>.debug_line</name>
         <load_address>0x22aa</load_address>
         <run_address>0x22aa</run_address>
         <size>0x7f</size>
         <input_file_ref idref="fl-e"/>
      </object_component>
      <object_component id="oc-e8">
         <name>.debug_line</name>
         <load_address>0x2329</load_address>
         <run_address>0x2329</run_address>
         <size>0x94</size>
         <input_file_ref idref="fl-e"/>
      </object_component>
      <object_component id="oc-e2">
         <name>.debug_line</name>
         <load_address>0x23bd</load_address>
         <run_address>0x23bd</run_address>
         <size>0xee</size>
         <input_file_ref idref="fl-e"/>
      </object_component>
      <object_component id="oc-fa">
         <name>.debug_line</name>
         <load_address>0x24ab</load_address>
         <run_address>0x24ab</run_address>
         <size>0x118</size>
         <input_file_ref idref="fl-e"/>
      </object_component>
      <object_component id="oc-253">
         <name>.debug_line</name>
         <load_address>0x25c3</load_address>
         <run_address>0x25c3</run_address>
         <size>0x7f</size>
         <input_file_ref idref="fl-e"/>
      </object_component>
      <object_component id="oc-28a">
         <name>.debug_line</name>
         <load_address>0x2642</load_address>
         <run_address>0x2642</run_address>
         <size>0x5b</size>
         <input_file_ref idref="fl-c6"/>
      </object_component>
      <object_component id="oc-db">
         <name>.debug_line</name>
         <load_address>0x269d</load_address>
         <run_address>0x269d</run_address>
         <size>0x92</size>
         <input_file_ref idref="fl-c7"/>
      </object_component>
      <object_component id="oc-5e">
         <name>.debug_line</name>
         <load_address>0x272f</load_address>
         <run_address>0x272f</run_address>
         <size>0x56</size>
         <input_file_ref idref="fl-c7"/>
      </object_component>
      <object_component id="oc-a2">
         <name>.debug_line</name>
         <load_address>0x2785</load_address>
         <run_address>0x2785</run_address>
         <size>0x34</size>
         <input_file_ref idref="fl-c7"/>
      </object_component>
      <object_component id="oc-d8">
         <name>.debug_line</name>
         <load_address>0x27b9</load_address>
         <run_address>0x27b9</run_address>
         <size>0x92</size>
         <input_file_ref idref="fl-c7"/>
      </object_component>
      <object_component id="oc-9d">
         <name>.debug_line</name>
         <load_address>0x284b</load_address>
         <run_address>0x284b</run_address>
         <size>0x20</size>
         <input_file_ref idref="fl-c8"/>
      </object_component>
      <object_component id="oc-1e">
         <name>.debug_line</name>
         <load_address>0x286b</load_address>
         <run_address>0x286b</run_address>
         <size>0x55</size>
         <input_file_ref idref="fl-c8"/>
      </object_component>
      <object_component id="oc-57">
         <name>.debug_line</name>
         <load_address>0x28c0</load_address>
         <run_address>0x28c0</run_address>
         <size>0x3a</size>
         <input_file_ref idref="fl-c8"/>
      </object_component>
      <object_component id="oc-9a">
         <name>.debug_line</name>
         <load_address>0x28fa</load_address>
         <run_address>0x28fa</run_address>
         <size>0x92</size>
         <input_file_ref idref="fl-c8"/>
      </object_component>
      <object_component id="oc-d4">
         <name>.debug_line</name>
         <load_address>0x298c</load_address>
         <run_address>0x298c</run_address>
         <size>0x20</size>
         <input_file_ref idref="fl-c9"/>
      </object_component>
      <object_component id="oc-17">
         <name>.debug_line</name>
         <load_address>0x29ac</load_address>
         <run_address>0x29ac</run_address>
         <size>0xa9</size>
         <input_file_ref idref="fl-c9"/>
      </object_component>
      <object_component id="oc-47">
         <name>.debug_line</name>
         <load_address>0x2a55</load_address>
         <run_address>0x2a55</run_address>
         <size>0x3a</size>
         <input_file_ref idref="fl-c9"/>
      </object_component>
      <object_component id="oc-d1">
         <name>.debug_line</name>
         <load_address>0x2a8f</load_address>
         <run_address>0x2a8f</run_address>
         <size>0x9a</size>
         <input_file_ref idref="fl-c9"/>
      </object_component>
      <object_component id="oc-93">
         <name>.debug_line</name>
         <load_address>0x2b29</load_address>
         <run_address>0x2b29</run_address>
         <size>0x96</size>
         <input_file_ref idref="fl-c9"/>
      </object_component>
      <object_component id="oc-7f">
         <name>.debug_line</name>
         <load_address>0x2bbf</load_address>
         <run_address>0x2bbf</run_address>
         <size>0x33</size>
         <input_file_ref idref="fl-ca"/>
      </object_component>
      <object_component id="oc-71">
         <name>.debug_line</name>
         <load_address>0x2bf2</load_address>
         <run_address>0x2bf2</run_address>
         <size>0x45</size>
         <input_file_ref idref="fl-ca"/>
      </object_component>
      <object_component id="oc-2c2">
         <name>.debug_line</name>
         <load_address>0x2c37</load_address>
         <run_address>0x2c37</run_address>
         <size>0x37</size>
         <input_file_ref idref="fl-cb"/>
      </object_component>
      <object_component id="oc-52">
         <name>.debug_line</name>
         <load_address>0x2c6e</load_address>
         <run_address>0x2c6e</run_address>
         <size>0x88</size>
         <input_file_ref idref="fl-cc"/>
      </object_component>
      <object_component id="oc-2a9">
         <name>.debug_line</name>
         <load_address>0x2cf6</load_address>
         <run_address>0x2cf6</run_address>
         <size>0xbf</size>
         <input_file_ref idref="fl-ce"/>
      </object_component>
      <object_component id="oc-16a">
         <name>.debug_line</name>
         <load_address>0x2db5</load_address>
         <run_address>0x2db5</run_address>
         <size>0x6f</size>
         <input_file_ref idref="fl-ce"/>
      </object_component>
      <object_component id="oc-2ad">
         <name>.debug_line</name>
         <load_address>0x2e24</load_address>
         <run_address>0x2e24</run_address>
         <size>0x2e</size>
         <input_file_ref idref="fl-ce"/>
      </object_component>
      <object_component id="oc-2ce">
         <name>.debug_line</name>
         <load_address>0x2e52</load_address>
         <run_address>0x2e52</run_address>
         <size>0x9a</size>
         <input_file_ref idref="fl-ce"/>
      </object_component>
      <object_component id="oc-2b2">
         <name>.debug_line</name>
         <load_address>0x2eec</load_address>
         <run_address>0x2eec</run_address>
         <size>0x97</size>
         <input_file_ref idref="fl-ce"/>
      </object_component>
      <object_component id="oc-2b7">
         <name>.debug_line</name>
         <load_address>0x2f83</load_address>
         <run_address>0x2f83</run_address>
         <size>0x93</size>
         <input_file_ref idref="fl-ce"/>
      </object_component>
      <object_component id="oc-ac">
         <name>.debug_line</name>
         <load_address>0x3016</load_address>
         <run_address>0x3016</run_address>
         <size>0x40</size>
         <input_file_ref idref="fl-cf"/>
      </object_component>
      <object_component id="oc-15e">
         <name>.debug_line</name>
         <load_address>0x3056</load_address>
         <run_address>0x3056</run_address>
         <size>0x3c</size>
         <input_file_ref idref="fl-d1"/>
      </object_component>
      <object_component id="oc-b5">
         <name>.debug_frame</name>
         <load_address>0x0</load_address>
         <run_address>0x0</run_address>
         <size>0x70</size>
         <input_file_ref idref="fl-2"/>
      </object_component>
      <object_component id="oc-14f">
         <name>.debug_frame</name>
         <load_address>0x70</load_address>
         <run_address>0x70</run_address>
         <size>0x5c</size>
         <input_file_ref idref="fl-2"/>
      </object_component>
      <object_component id="oc-2c">
         <name>.debug_frame</name>
         <load_address>0xcc</load_address>
         <run_address>0xcc</run_address>
         <size>0x54</size>
         <input_file_ref idref="fl-3"/>
      </object_component>
      <object_component id="oc-2f">
         <name>.debug_frame</name>
         <load_address>0x120</load_address>
         <run_address>0x120</run_address>
         <size>0x54</size>
         <input_file_ref idref="fl-3"/>
      </object_component>
      <object_component id="oc-3f">
         <name>.debug_frame</name>
         <load_address>0x174</load_address>
         <run_address>0x174</run_address>
         <size>0x54</size>
         <input_file_ref idref="fl-3"/>
      </object_component>
      <object_component id="oc-36">
         <name>.debug_frame</name>
         <load_address>0x1c8</load_address>
         <run_address>0x1c8</run_address>
         <size>0x54</size>
         <input_file_ref idref="fl-3"/>
      </object_component>
      <object_component id="oc-20c">
         <name>.debug_frame</name>
         <load_address>0x21c</load_address>
         <run_address>0x21c</run_address>
         <size>0x60</size>
         <input_file_ref idref="fl-4"/>
      </object_component>
      <object_component id="oc-213">
         <name>.debug_frame</name>
         <load_address>0x27c</load_address>
         <run_address>0x27c</run_address>
         <size>0x54</size>
         <input_file_ref idref="fl-4"/>
      </object_component>
      <object_component id="oc-148">
         <name>.debug_frame</name>
         <load_address>0x2d0</load_address>
         <run_address>0x2d0</run_address>
         <size>0x64</size>
         <input_file_ref idref="fl-4"/>
      </object_component>
      <object_component id="oc-1ea">
         <name>.debug_frame</name>
         <load_address>0x334</load_address>
         <run_address>0x334</run_address>
         <size>0x60</size>
         <input_file_ref idref="fl-4"/>
      </object_component>
      <object_component id="oc-131">
         <name>.debug_frame</name>
         <load_address>0x394</load_address>
         <run_address>0x394</run_address>
         <size>0x64</size>
         <input_file_ref idref="fl-4"/>
      </object_component>
      <object_component id="oc-287">
         <name>.debug_frame</name>
         <load_address>0x3f8</load_address>
         <run_address>0x3f8</run_address>
         <size>0x60</size>
         <input_file_ref idref="fl-5"/>
      </object_component>
      <object_component id="oc-200">
         <name>.debug_frame</name>
         <load_address>0x458</load_address>
         <run_address>0x458</run_address>
         <size>0x6c</size>
         <input_file_ref idref="fl-5"/>
      </object_component>
      <object_component id="oc-143">
         <name>.debug_frame</name>
         <load_address>0x4c4</load_address>
         <run_address>0x4c4</run_address>
         <size>0x6c</size>
         <input_file_ref idref="fl-5"/>
      </object_component>
      <object_component id="oc-101">
         <name>.debug_frame</name>
         <load_address>0x530</load_address>
         <run_address>0x530</run_address>
         <size>0x60</size>
         <input_file_ref idref="fl-5"/>
      </object_component>
      <object_component id="oc-224">
         <name>.debug_frame</name>
         <load_address>0x590</load_address>
         <run_address>0x590</run_address>
         <size>0x54</size>
         <input_file_ref idref="fl-b"/>
      </object_component>
      <object_component id="oc-1f1">
         <name>.debug_frame</name>
         <load_address>0x5e4</load_address>
         <run_address>0x5e4</run_address>
         <size>0x5c</size>
         <input_file_ref idref="fl-b"/>
      </object_component>
      <object_component id="oc-135">
         <name>.debug_frame</name>
         <load_address>0x640</load_address>
         <run_address>0x640</run_address>
         <size>0x6c</size>
         <input_file_ref idref="fl-b"/>
      </object_component>
      <object_component id="oc-1f8">
         <name>.debug_frame</name>
[...]
            <object_component_ref idref="oc-f3"/>
            <object_component_ref idref="oc-105"/>
            <object_component_ref idref="oc-ed"/>
            <object_component_ref idref="oc-1e2"/>
            <object_component_ref idref="oc-278"/>
            <object_component_ref idref="oc-1d6"/>
            <object_component_ref idref="oc-123"/>
            <object_component_ref idref="oc-1b6"/>
            <object_component_ref idref="oc-e7"/>
            <object_component_ref idref="oc-e1"/>
            <object_component_ref idref="oc-f9"/>
            <object_component_ref idref="oc-28c"/>
            <object_component_ref idref="oc-5c"/>
            <object_component_ref idref="oc-20"/>
            <object_component_ref idref="oc-19"/>
            <object_component_ref idref="oc-27"/>
            <object_component_ref idref="oc-70"/>
            <object_component_ref idref="oc-2c1"/>
            <object_component_ref idref="oc-50"/>
            <object_component_ref idref="oc-167"/>
            <object_component_ref idref="oc-b0"/>
            <object_component_ref idref="oc-15d"/>
         </contents>
      </logical_group>
      <logical_group id="lg-2f9" display="never" color="cyan">
         <name>.debug_pubtypes</name>
         <load_address>0x0</load_address>
         <run_address>0x0</run_address>
         <size>0x12ed</size>
         <contents>
            <object_component_ref idref="oc-155"/>
            <object_component_ref idref="oc-87"/>
            <object_component_ref idref="oc-c9"/>
            <object_component_ref idref="oc-c4"/>
            <object_component_ref idref="oc-8c"/>
            <object_component_ref idref="oc-204"/>
            <object_component_ref idref="oc-4a"/>
            <object_component_ref idref="oc-26f"/>
            <object_component_ref idref="oc-256"/>
            <object_component_ref idref="oc-24b"/>
            <object_component_ref idref="oc-1db"/>
            <object_component_ref idref="oc-19c"/>
            <object_component_ref idref="oc-a0"/>
            <object_component_ref idref="oc-d6"/>
            <object_component_ref idref="oc-55"/>
            <object_component_ref idref="oc-98"/>
            <object_component_ref idref="oc-45"/>
            <object_component_ref idref="oc-cf"/>
            <object_component_ref idref="oc-91"/>
            <object_component_ref idref="oc-2ab"/>
            <object_component_ref idref="oc-2cc"/>
            <object_component_ref idref="oc-2b0"/>
            <object_component_ref idref="oc-2b5"/>
         </contents>
      </logical_group>
      <logical_group id="lg-2fb" display="no" color="cyan">
         <name>.binit</name>
         <load_address>0x0</load_address>
         <run_address>0x0</run_address>
         <size>0x0</size>
         <contents>
            <object_component_ref idref="oc-2db"/>
         </contents>
      </logical_group>
      <logical_group id="lg-30a" display="no" color="cyan">
         <name>Veneer$$CMSE</name>
         <run_address>0x0</run_address>
         <size>0x0</size>
         <contents>
         </contents>
      </logical_group>
      <load_segment id="lg-30f" display="no" color="cyan">
         <name>SEGMENT_0</name>
         <load_address>0x0</load_address>
         <run_address>0x0</run_address>
         <size>0x1688</size>
         <flags>0x5</flags>
         <contents>
            <logical_group_ref idref="lg-3"/>
            <logical_group_ref idref="lg-4"/>
            <logical_group_ref idref="lg-5"/>
            <logical_group_ref idref="lg-6"/>
         </contents>
      </load_segment>
      <load_segment id="lg-310" display="no" color="cyan">
         <name>SEGMENT_1</name>
         <run_address>0x20000000</run_address>
         <size>0x488</size>
         <flags>0x6</flags>
         <contents>
            <logical_group_ref idref="lg-9"/>
            <logical_group_ref idref="lg-d"/>
            <logical_group_ref idref="lg-b"/>
            <logical_group_ref idref="lg-a"/>
         </contents>
      </load_segment>
   </logical_group_list>
   <placement_map>
      <memory_area display="yes" color="green">
         <name>FLASH</name>
         <page_id>0x0</page_id>
         <origin>0x0</origin>
         <length>0x40000</length>
         <used_space>0x1684</used_space>
         <unused_space>0x3e97c</unused_space>
         <attributes>RX</attributes>
         <usage_details>
            <allocated_space>
               <start_address>0x0</start_address>
               <size>0x0</size>
               <logical_group_ref idref="lg-2fb"/>
            </allocated_space>
            <allocated_space>
               <start_address>0x0</start_address>
               <size>0x26c</size>
               <logical_group_ref idref="lg-3"/>
            </allocated_space>
            <allocated_space>
               <start_address>0x26c</start_address>
               <size>0x1290</size>
               <logical_group_ref idref="lg-4"/>
            </allocated_space>
            <allocated_space>
               <start_address>0x14fc</start_address>
               <size>0x148</size>
               <logical_group_ref idref="lg-5"/>
            </allocated_space>
            <available_space>
               <start_address>0x1644</start_address>
               <size>0x4</size>
            </available_space>
            <allocated_space>
               <start_address>0x1648</start_address>
               <size>0x40</size>
               <logical_group_ref idref="lg-6"/>
            </allocated_space>
            <available_space>
               <start_address>0x1688</start_address>
               <size>0x3e978</size>
            </available_space>
         </usage_details>
      </memory_area>
      <memory_area display="yes" color="green">
         <name>SRAM</name>
         <page_id>0x0</page_id>
         <origin>0x20000000</origin>
         <length>0x8000</length>
         <used_space>0x484</used_space>
         <unused_space>0x7b7c</unused_space>
         <attributes>RWX</attributes>
         <usage_details>
            <allocated_space>
               <start_address>0x20000000</start_address>
               <size>0x0</size>
               <logical_group_ref idref="lg-2da"/>
            </allocated_space>
            <allocated_space>
               <start_address>0x20000000</start_address>
               <size>0x26c</size>
               <logical_group_ref idref="lg-9"/>
            </allocated_space>
            <available_space>
               <start_address>0x2000026c</start_address>
               <size>0x4</size>
            </available_space>
            <allocated_space>
               <start_address>0x20000270</start_address>
               <size>0x200</size>
               <logical_group_ref idref="lg-d"/>
            </allocated_space>
            <allocated_space>
               <start_address>0x20000470</start_address>
               <size>0xc</size>
               <logical_group_ref idref="lg-b"/>
            </allocated_space>
            <allocated_space>
               <start_address>0x2000047c</start_address>
               <size>0xc</size>
               <logical_group_ref idref="lg-a"/>
            </allocated_space>
            <available_space>
               <start_address>0x20000488</start_address>
               <size>0x7b78</size>
            </available_space>
         </usage_details>
      </memory_area>
   </placement_map>
   <cptbl_list>
      <cptbl>
         <name>__TI_cinit_table</name>
         <cprec>
            <name>.data</name>
            <load_address>0x1654</load_address>
            <load_size>0xb</load_size>
            <run_address>0x2000047c</run_address>
            <run_size>0xc</run_size>
            <compression>lzss</compression>
         </cprec>
         <cprec>
            <name>.bss</name>
            <load_address>0x1660</load_address>
            <load_size>0x8</load_size>
            <run_address>0x20000470</run_address>
            <run_size>0xc</run_size>
            <compression>zero_init</compression>
         </cprec>
         <cprec>
            <name>.vtable</name>
            <load_address>0x1668</load_address>
            <load_size>0x8</load_size>
            <run_address>0x20000000</run_address>
            <run_size>0x26c</run_size>
            <compression>zero_init</compression>
         </cprec>
      </cptbl>
   </cptbl_list>
   <handler_table>
      <handler_table_name>__TI_handler_table</handler_table_name>
      <handler>
         <index>0x0</index>
         <name>__TI_zero_init</name>
      </handler>
      <handler>
         <index>0x1</index>
         <name>__TI_decompress_lzss</name>
      </handler>
      <handler>
         <index>0x2</index>
         <name>__TI_decompress_none</name>
      </handler>
   </handler_table>
   <symbol_table>
      <symbol id="sm-1">
         <name>__STACK_TOP</name>
         <value>0x20000470</value>
      </symbol>
      <symbol id="sm-2">
         <name>__start___llvm_prf_cnts</name>
         <value>0x20000000</value>
      </symbol>
      <symbol id="sm-3">
         <name>__stop___llvm_prf_cnts</name>
         <value>0x20000000</value>
      </symbol>
      <symbol id="sm-4">
         <name>__TI_CINIT_Base</name>
         <value>0x1670</value>
      </symbol>
      <symbol id="sm-5">
         <name>__TI_CINIT_Limit</name>
         <value>0x1688</value>
      </symbol>
      <symbol id="sm-6">
         <name>__TI_Handler_Table_Base</name>
         <value>0x1648</value>
      </symbol>
      <symbol id="sm-7">
         <name>__TI_Handler_Table_Limit</name>
         <value>0x1654</value>
      </symbol>
      <symbol id="sm-8">
         <name>binit</name>
         <value>0xffffffff</value>
      </symbol>
      <symbol id="sm-9">
         <name>__binit__</name>
         <value>0xffffffff</value>
      </symbol>
      <symbol id="sm-a">
         <name>__STACK_SIZE</name>
         <value>0x200</value>
      </symbol>
      <symbol id="sm-b">
         <name>__STACK_END</name>
         <value>0x20000470</value>
      </symbol>
      <symbol id="sm-c">
         <name>__c_args__</name>
         <value>0xffffffff</value>
      </symbol>
      <symbol id="sm-d">
         <name>__TI_pprof_out_hndl</name>
         <value>0xffffffff</value>
      </symbol>
      <symbol id="sm-e">
         <name>__TI_prof_data_start</name>
         <value>0xffffffff</value>
      </symbol>
      <symbol id="sm-f">
         <name>__TI_prof_data_size</name>
         <value>0xffffffff</value>
      </symbol>
      <symbol id="sm-7e">
         <name>rxFlag</name>
         <value>0x20000481</value>
         <object_component_ref idref="oc-150"/>
      </symbol>
      <symbol id="sm-7f">
         <name>main</name>
         <value>0x45d</value>
         <object_component_ref idref="oc-b1"/>
      </symbol>
      <symbol id="sm-80">
         <name>CANIntHandler</name>
         <value>0xf31</value>
         <object_component_ref idref="oc-14a"/>
      </symbol>
      <symbol id="sm-81">
         <name>errFlag</name>
         <value>0x20000482</value>
         <object_component_ref idref="oc-150"/>
      </symbol>
      <symbol id="sm-b7">
         <name>ResetISR</name>
         <value>0x14e9</value>
         <object_component_ref idref="oc-28"/>
      </symbol>
      <symbol id="sm-b8">
         <name>g_pfnVectors</name>
         <value>0x0</value>
         <object_component_ref idref="oc-13"/>
      </symbol>
      <symbol id="sm-10a">
         <name>RGBIntensitySet</name>
         <value>0x14b5</value>
         <object_component_ref idref="oc-20e"/>
      </symbol>
      <symbol id="sm-10b">
         <name>RGBEnable</name>
         <value>0xcd9</value>
         <object_component_ref idref="oc-1e6"/>
      </symbol>
      <symbol id="sm-10c">
         <name>RGBInit</name>
         <value>0xae1</value>
         <object_component_ref idref="oc-12c"/>
      </symbol>
      <symbol id="sm-10d">
         <name>RGBColorSet</name>
         <value>0xe35</value>
         <object_component_ref idref="oc-208"/>
      </symbol>
      <symbol id="sm-10e">
         <name>RGBSet</name>
         <value>0x141d</value>
         <object_component_ref idref="oc-144"/>
      </symbol>
      <symbol id="sm-17d">
         <name>UARTStdioConfig</name>
         <value>0x106d</value>
         <object_component_ref idref="oc-fc"/>
      </symbol>
      <symbol id="sm-17e">
         <name>UARTwrite</name>
         <value>0x1129</value>
         <object_component_ref idref="oc-283"/>
      </symbol>
      <symbol id="sm-17f">
         <name>UARTprintf</name>
         <value>0x1455</value>
         <object_component_ref idref="oc-13e"/>
      </symbol>
      <symbol id="sm-180">
         <name>UARTvprintf</name>
         <value>0x26d</value>
         <object_component_ref idref="oc-1fc"/>
      </symbol>
      <symbol id="sm-252">
         <name>CANIntRegister</name>
         <value>0x146f</value>
         <object_component_ref idref="oc-114"/>
      </symbol>
      <symbol id="sm-253">
         <name>CANMessageGet</name>
         <value>0x9c9</value>
         <object_component_ref idref="oc-138"/>
      </symbol>
      <symbol id="sm-254">
         <name>CANBitRateSet</name>
         <value>0xec5</value>
         <object_component_ref idref="oc-10e"/>
      </symbol>
      <symbol id="sm-255">
         <name>CANEnable</name>
         <value>0x14d7</value>
         <object_component_ref idref="oc-126"/>
      </symbol>
      <symbol id="sm-256">
         <name>CANStatusGet</name>
         <value>0x1209</value>
         <object_component_ref idref="oc-221"/>
      </symbol>
      <symbol id="sm-257">
         <name>CANMessageSet</name>
         <value>0x781</value>
         <object_component_ref idref="oc-132"/>
      </symbol>
      <symbol id="sm-258">
         <name>CANIntClear</name>
         <value>0x13db</value>
         <object_component_ref idref="oc-21b"/>
      </symbol>
      <symbol id="sm-259">
         <name>CANIntStatus</name>
         <value>0x13fd</value>
         <object_component_ref idref="oc-215"/>
      </symbol>
      <symbol id="sm-25a">
         <name>CANInit</name>
         <value>0x1289</value>
         <object_component_ref idref="oc-108"/>
      </symbol>
      <symbol id="sm-25b">
         <name>CANIntEnable</name>
         <value>0x14e1</value>
         <object_component_ref idref="oc-11a"/>
      </symbol>
      <symbol id="sm-29d">
         <name>GPIOPinConfigure</name>
         <value>0x1179</value>
         <object_component_ref idref="oc-ea"/>
      </symbol>
      <symbol id="sm-29e">
         <name>GPIOPinTypeUART</name>
         <value>0x149d</value>
         <object_component_ref idref="oc-f0"/>
      </symbol>
      <symbol id="sm-29f">
         <name>GPIODirModeSet</name>
         <value>0x1361</value>
         <object_component_ref idref="oc-1a7"/>
      </symbol>
      <symbol id="sm-2a0">
         <name>GPIOPadConfigSet</name>
         <value>0x615</value>
         <object_component_ref idref="oc-1ad"/>
      </symbol>
      <symbol id="sm-2a1">
         <name>GPIOPinTypeCAN</name>
         <value>0x1487</value>
         <object_component_ref idref="oc-102"/>
      </symbol>
      <symbol id="sm-2d2">
         <name>IntEnable</name>
         <value>0xf9d</value>
         <object_component_ref idref="oc-120"/>
      </symbol>
      <symbol id="sm-2d3">
         <name>IntRegister</name>
         <value>0x12c5</value>
         <object_component_ref idref="oc-1d3"/>
      </symbol>
      <symbol id="sm-2d4">
         <name>g_pfnRAMVectors</name>
         <value>0x20000000</value>
         <object_component_ref idref="oc-276"/>
      </symbol>
      <symbol id="sm-327">
         <name>SysCtlClockSet</name>
         <value>0xbe5</value>
         <object_component_ref idref="oc-de"/>
      </symbol>
      <symbol id="sm-328">
         <name>SysCtlDelay</name>
         <value>0x14ef</value>
         <object_component_ref idref="oc-199"/>
      </symbol>
      <symbol id="sm-329">
         <name>SysCtlPeripheralEnable</name>
         <value>0x12f9</value>
         <object_component_ref idref="oc-e4"/>
      </symbol>
      <symbol id="sm-32a">
         <name>SysCtlClockGet</name>
         <value>0x8b1</value>
         <object_component_ref idref="oc-f6"/>
      </symbol>
      <symbol id="sm-33b">
         <name>__aeabi_uidivmod</name>
         <value>0x1249</value>
         <object_component_ref idref="oc-289"/>
      </symbol>
      <symbol id="sm-33c">
         <name>__aeabi_uidiv</name>
         <value>0x1249</value>
         <object_component_ref idref="oc-289"/>
      </symbol>
      <symbol id="sm-355">
         <name>__TI_zero_init_nomemset</name>
         <value>0x1439</value>
         <object_component_ref idref="oc-5a"/>
      </symbol>
      <symbol id="sm-36c">
         <name>__TI_decompress_none</name>
         <value>0x14c9</value>
         <object_component_ref idref="oc-1c"/>
      </symbol>
      <symbol id="sm-38f">
         <name>__TI_decompress_lzss</name>
         <value>0x1005</value>
         <object_component_ref idref="oc-16"/>
      </symbol>
      <symbol id="sm-3a2">
         <name>__stack</name>
         <value>0x20000270</value>
         <object_component_ref idref="oc-25"/>
      </symbol>
      <symbol id="sm-3a3">
         <name>_c_int00_noargs</name>
         <value>0x132d</value>
         <object_component_ref idref="oc-6c"/>
      </symbol>
      <symbol id="sm-3ad">
         <name>__aeabi_idiv0</name>
         <value>0x14b3</value>
         <object_component_ref idref="oc-2be"/>
      </symbol>
      <symbol id="sm-3ae">
         <name>__aeabi_ldiv0</name>
         <value>0x14b3</value>
         <object_component_ref idref="oc-2be"/>
      </symbol>
      <symbol id="sm-3c9">
         <name>memcpy</name>
         <value>0xd99</value>
         <object_component_ref idref="oc-4e"/>
      </symbol>
      <symbol id="sm-3ca">
         <name>__aeabi_memcpy</name>
         <value>0xd99</value>
         <object_component_ref idref="oc-4e"/>
      </symbol>
      <symbol id="sm-3cb">
         <name>__aeabi_memcpy8</name>
         <value>0xd99</value>
         <object_component_ref idref="oc-4e"/>
      </symbol>
      <symbol id="sm-3cc">
         <name>__aeabi_memcpy4</name>
         <value>0xd99</value>
         <object_component_ref idref="oc-4e"/>
      </symbol>
      <symbol id="sm-3f5">
         <name>__TI_auto_init_nobinit_nopinit</name>
         <value>0x11c5</value>
         <object_component_ref idref="oc-165"/>
      </symbol>
      <symbol id="sm-3ff">
         <name>_system_pre_init</name>
         <value>0x14f5</value>
         <object_component_ref idref="oc-ab"/>
      </symbol>
      <symbol id="sm-40b">
         <name>C$$EXIT</name>
         <value>0x14f9</value>
         <object_component_ref idref="oc-159"/>
      </symbol>
      <symbol id="sm-40c">
         <name>abort</name>
         <value>0x14f9</value>
         <object_component_ref idref="oc-159"/>
      </symbol>
      <symbol id="sm-40f">
         <name>__TI_static_base__</name>
         <value>0x0</value>
      </symbol>
      <symbol id="sm-412">
         <name>__mpu_init</name>
         <value>0x0</value>
      </symbol>
      <symbol id="sm-413">
         <name>_system_post_cinit</name>
         <value>0x0</value>
      </symbol>
   </symbol_table>
   <title>Link successful</title>
</link_info>
