******************************************************************************
                  TI ARM Linker PC v20.2.5                     
******************************************************************************
>> Linked Wed Apr 13 19:11:52 2022

OUTPUT FILE NAME:   <CANSlave.out>
ENTRY POINT SYMBOL: "_c_int00_noargs"  address: 0000132d


MEMORY CONFIGURATION

         name            origin    length      used     unused   attr    fill
----------------------  --------  ---------  --------  --------  ----  --------
  FLASH                 00000000   00040000  00001684  0003e97c  R  X
  SRAM                  20000000   00008000  00000484  00007b7c  RW X


SEGMENT ALLOCATION MAP

run origin  load origin   length   init length attrs members
----------  ----------- ---------- ----------- ----- -------
00000000    00000000    00001688   00001688    r-x
  00000000    00000000    0000026c   0000026c    r-- .intvecs
  0000026c    0000026c    00001290   00001290    r-x .text
  000014fc    000014fc    00000148   00000148    r-- .const
  00001648    00001648    00000040   00000040    r-- .cinit
20000000    20000000    00000488   00000000    rw-
  20000000    20000000    0000026c   00000000    rw- .vtable
  20000270    20000270    00000200   00000000    rw- .stack
  20000470    20000470    0000000c   00000000    rw- .bss
  2000047c    2000047c    0000000c   00000000    rw- .data


SECTION ALLOCATION MAP

 output                                  attributes/
section   page    origin      length       input sections
--------  ----  ----------  ----------   ----------------
.intvecs   0    00000000    0000026c     
                  00000000    0000026c     startup_ccs.obj (.intvecs)

.text      0    0000026c    00001290     
                  0000026c    000001ee     uartstdio.obj (.text:UARTvprintf)
                  0000045a    00000002     startup_ccs.obj (.text:FaultISR)
                  0000045c    000001b8     SlaveMain.obj (.text:main)
                  00000614    0000016c     driverlib.lib : gpio.obj (.text:GPIOPadConfigSet)
                  00000780    00000130                   : can.obj (.text:CANMessageSet)
                  000008b0    00000118                   : sysctl.obj (.text:SysCtlClockGet)
                  000009c8    00000116                   : can.obj (.text:CANMessageGet)
                  00000ade    00000002     startup_ccs.obj (.text:IntDefaultHandler)
                  00000ae0    00000104     rgb.obj (.text:RGBInit)
                  00000be4    000000f4     driverlib.lib : sysctl.obj (.text:SysCtlClockSet)
                  00000cd8    000000c0     rgb.obj (.text:RGBEnable)
                  00000d98    0000009c     rtsv7M4_T_le_v4SPD16_eabi.lib : memcpy_t2.asm.obj (.text)
                  00000e34    00000090     rgb.obj (.text:RGBColorSet)
                  00000ec4    0000006c     driverlib.lib : can.obj (.text:CANBitRateSet)
                  00000f30    0000006c     SlaveMain.obj (.text:CANIntHandler)
                  00000f9c    00000068     driverlib.lib : interrupt.obj (.text:IntEnable)
                  00001004    00000068     rtsv7M4_T_le_v4SPD16_eabi.lib : copy_decompress_lzss.c.obj (.text:decompress:lzss:__TI_decompress_lzss)
                  0000106c    00000060     uartstdio.obj (.text:UARTStdioConfig)
                  000010cc    0000005c     driverlib.lib : can.obj (.text:_CANIntNumberGet)
                  00001128    00000050     uartstdio.obj (.text:UARTwrite)
                  00001178    0000004c     driverlib.lib : gpio.obj (.text:GPIOPinConfigure)
                  000011c4    00000044     rtsv7M4_T_le_v4SPD16_eabi.lib : autoinit.c.obj (.text:__TI_auto_init_nobinit_nopinit:__TI_auto_init_nobinit_nopinit)
                  00001208    00000040     driverlib.lib : can.obj (.text:CANStatusGet)
                  00001248    00000040     rtsv7M4_T_le_v4SPD16_eabi.lib : u_divt2.asm.obj (.text)
                  00001288    0000003a     driverlib.lib : can.obj (.text:CANInit)
                  000012c2    00000002     startup_ccs.obj (.text:NmiSR)
                  000012c4    00000034     driverlib.lib : interrupt.obj (.text:IntRegister)
                  000012f8    00000034                   : sysctl.obj (.text:SysCtlPeripheralEnable)
                  0000132c    00000034     rtsv7M4_T_le_v4SPD16_eabi.lib : boot_cortex_m.c.obj (.text:_c_int00_noargs:_c_int00_noargs)
                  00001360    0000002c     driverlib.lib : gpio.obj (.text:GPIODirModeSet)
                  0000138c    0000002a                   : can.obj (.text:_CANDataRegRead)
                  000013b6    00000024                   : can.obj (.text:_CANDataRegWrite)
                  000013da    00000022                   : can.obj (.text:CANIntClear)
                  000013fc    00000020                   : can.obj (.text:CANIntStatus)
                  0000141c    0000001c     rgb.obj (.text:RGBSet)
                  00001438    0000001c     rtsv7M4_T_le_v4SPD16_eabi.lib : copy_zero_init.c.obj (.text:decompress:ZI:__TI_zero_init_nomemset:__TI_zero_init_nomemset)
                  00001454    0000001a     uartstdio.obj (.text:UARTprintf)
                  0000146e    00000018     driverlib.lib : can.obj (.text:CANIntRegister)
                  00001486    00000016                   : gpio.obj (.text:GPIOPinTypeCAN)
                  0000149c    00000016                   : gpio.obj (.text:GPIOPinTypeUART)
                  000014b2    00000002     rtsv7M4_T_le_v4SPD16_eabi.lib : div0.asm.obj (.text)
                  000014b4    00000014     rgb.obj (.text:RGBIntensitySet)
                  000014c8    0000000e     rtsv7M4_T_le_v4SPD16_eabi.lib : copy_decompress_none.c.obj (.text:decompress:none:__TI_decompress_none)
                  000014d6    0000000a     driverlib.lib : can.obj (.text:CANEnable)
                  000014e0    00000008                   : can.obj (.text:CANIntEnable)
                  000014e8    00000006     startup_ccs.obj (.text:ResetISR)
                  000014ee    00000006     driverlib.lib : sysctl.obj (.text:SysCtlDelay)
                  000014f4    00000004     rtsv7M4_T_le_v4SPD16_eabi.lib : pre_init.c.obj (.text:_system_pre_init)
                  000014f8    00000004                                   : exit.c.obj (.text:abort:abort)

.const     0    000014fc    00000148     
                  000014fc    00000090     driverlib.lib : gpio.obj (.const:g_pui32GPIOBaseAddrs)
                  0000158c    0000006c                   : sysctl.obj (.const:g_pui32Xtals)
                  000015f8    00000020                   : can.obj (.const:g_ui16CANBitValues)
                  00001618    00000014                   : interrupt.obj (.const:g_pui32EnRegs)
                  0000162c    0000000c     uartstdio.obj (.const:g_ui32UARTBase)
                  00001638    0000000c     uartstdio.obj (.const:g_ui32UARTPeriph)

.cinit     0    00001648    00000040     
                  00001648    0000000c     (__TI_handler_table)
                  00001654    0000000b     (.cinit..data.load) [load image, compression = lzss]
                  0000165f    00000001     --HOLE-- [fill = 0]
                  00001660    00000008     (.cinit..bss.load) [load image, compression = zero_init]
                  00001668    00000008     (.cinit..vtable.load) [load image, compression = zero_init]
                  00001670    00000018     (__TI_cinit_table)

.init_array 
*          0    00000000    00000000     UNINITIALIZED

.vtable    0    20000000    0000026c     UNINITIALIZED
                  20000000    0000026c     driverlib.lib : interrupt.obj (.vtable)

.bss       0    20000470    0000000c     UNINITIALIZED
                  20000470    0000000c     rgb.obj (.bss:g_ui32Colors)

.data      0    2000047c    0000000c     UNINITIALIZED
                  2000047c    00000005     uartstdio.obj (.data)
                  20000481    00000002     SlaveMain.obj (.data)
                  20000483    00000001     --HOLE--
                  20000484    00000004     rgb.obj (.data)

.stack     0    20000270    00000200     UNINITIALIZED
                  20000270    00000004     rtsv7M4_T_le_v4SPD16_eabi.lib : boot_cortex_m.c.obj (.stack)
                  20000274    000001fc     --HOLE--

__llvm_prf_cnts 
*          0    20000000    00000000     UNINITIALIZED

.binit     0    00000000    00000000     

MODULE SUMMARY

       Module                       code   ro data   rw data
       ------                       ----   -------   -------
    .\
       startup_ccs.obj              12     620       0      
       SlaveMain.obj                548    0         2      
    +--+----------------------------+------+---------+---------+
       Total:                       560    620       2      
                                                            
    .\drivers\
       rgb.obj                      644    0         16     
    +--+----------------------------+------+---------+---------+
       Total:                       644    0         16     
                                                            
    .\utils\
       uartstdio.obj                696    24        5      
    +--+----------------------------+------+---------+---------+
       Total:                       696    24        5      
                                                            
    C:/ti/TivaWare_C_Series-2.2.0.295/driverlib/ccs/Debug/driverlib.lib
       can.obj                      1090   32        0      
       interrupt.obj                156    20        620    
       sysctl.obj                   582    108       0      
       gpio.obj                     528    144       0      
    +--+----------------------------+------+---------+---------+
       Total:                       2356   304       620    
                                                            
    C:\ti\ccs1120\ccs\tools\compiler\ti-cgt-arm_20.2.5.LTS\lib\rtsv7M4_T_le_v4SPD16_eabi.lib
       memcpy_t2.asm.obj            156    0         0      
       copy_decompress_lzss.c.obj   104    0         0      
       autoinit.c.obj               68     0         0      
       u_divt2.asm.obj              64     0         0      
       boot_cortex_m.c.obj          52     0         0      
       copy_zero_init.c.obj         28     0         0      
       copy_decompress_none.c.obj   14     0         0      
       exit.c.obj                   4      0         0      
       pre_init.c.obj               4      0         0      
       div0.asm.obj                 2      0         0      
    +--+----------------------------+------+---------+---------+
       Total:                       496    0         0      
                                                            
       Stack:                       0      0         512    
       Linker Generated:            0      63        0      
    +--+----------------------------+------+---------+---------+
       Grand Total:                 4752   1011      1155   


LINKER GENERATED COPY TABLES

__TI_cinit_table @ 00001670 records: 3, size/record: 8, table size: 24
	.data: load addr=00001654, load size=0000000b bytes, run addr=2000047c, run size=0000000c bytes, compression=lzss
	.bss: load addr=00001660, load size=00000008 bytes, run addr=20000470, run size=0000000c bytes, compression=zero_init
	.vtable: load addr=00001668, load size=00000008 bytes, run addr=20000000, run size=0000026c bytes, compression=zero_init


LINKER GENERATED HANDLER TABLE

__TI_handler_table @ 00001648 records: 3, size/record: 4, table size: 12
	index: 0, handler: __TI_zero_init
	index: 1, handler: __TI_decompress_lzss
	index: 2, handler: __TI_decompress_none


GLOBAL SYMBOLS: SORTED ALPHABETICALLY BY Name 

address   name                          
-------   ----                          
000014f9  C$$EXIT                       
00000ec5  CANBitRateSet                 
000014d7  CANEnable                     
00001289  CANInit                       
000013db  CANIntClear                   
000014e1  CANIntEnable                  
00000f31  CANIntHandler                 
0000146f  CANIntRegister                
000013fd  CANIntStatus                  
000009c9  CANMessageGet                 
00000781  CANMessageSet                 
00001209  CANStatusGet                  
00001361  GPIODirModeSet                
00000615  GPIOPadConfigSet              
00001179  GPIOPinConfigure              
00001487  GPIOPinTypeCAN                
0000149d  GPIOPinTypeUART               
00000f9d  IntEnable                     
000012c5  IntRegister                   
00000e35  RGBColorSet                   
00000cd9  RGBEnable                     
00000ae1  RGBInit                       
000014b5  RGBIntensitySet               
0000141d  RGBSet                        
000014e9  ResetISR                      
000008b1  SysCtlClockGet                
00000be5  SysCtlClockSet                
000014ef  SysCtlDelay                   
000012f9  SysCtlPeripheralEnable        
0000106d  UARTStdioConfig               
00001455  UARTprintf                    
0000026d  UARTvprintf                   
00001129  UARTwrite                     
20000470  __STACK_END                   
00000200  __STACK_SIZE                  
20000470  __STACK_TOP                   
00001670  __TI_CINIT_Base               
00001688  __TI_CINIT_Limit              
00001648  __TI_Handler_Table_Base       
00001654  __TI_Handler_Table_Limit      
000011c5  __TI_auto_init_nobinit_nopinit
00001005  __TI_decompress_lzss          
000014c9  __TI_decompress_none          
ffffffff  __TI_pprof_out_hndl           
ffffffff  __TI_prof_data_size           
ffffffff  __TI_prof_data_start          
00000000  __TI_static_base__            
00001439  __TI_zero_init_nomemset       
000014b3  __aeabi_idiv0                 
000014b3  __aeabi_ldiv0                 
00000d99  __aeabi_memcpy                
00000d99  __aeabi_memcpy4               
00000d99  __aeabi_memcpy8               
00001249  __aeabi_uidiv                 
00001249  __aeabi_uidivmod              
ffffffff  __binit__                     
ffffffff  __c_args__                    
UNDEFED   __mpu_init                    
20000270  __stack                       
20000000  __start___llvm_prf_cnts       
20000000  __stop___llvm_prf_cnts        
0000132d  _c_int00_noargs               
UNDEFED   _system_post_cinit            
000014f5  _system_pre_init              
000014f9  abort                         
ffffffff  binit                         
20000482  errFlag                       
20000000  g_pfnRAMVectors               
00000000  g_pfnVectors                  
0000045d  main                          
00000d99  memcpy                        
20000481  rxFlag                        


GLOBAL SYMBOLS: SORTED BY Symbol Address 

address   name                          
-------   ----                          
00000000  __TI_static_base__            
00000000  g_pfnVectors                  
00000200  __STACK_SIZE                  
0000026d  UARTvprintf                   
0000045d  main                          
00000615  GPIOPadConfigSet              
00000781  CANMessageSet                 
000008b1  SysCtlClockGet                
000009c9  CANMessageGet                 
00000ae1  RGBInit                       
00000be5  SysCtlClockSet                
00000cd9  RGBEnable                     
00000d99  __aeabi_memcpy                
00000d99  __aeabi_memcpy4               
00000d99  __aeabi_memcpy8               
00000d99  memcpy                        
00000e35  RGBColorSet                   
00000ec5  CANBitRateSet                 
00000f31  CANIntHandler                 
00000f9d  IntEnable                     
00001005  __TI_decompress_lzss          
0000106d  UARTStdioConfig               
00001129  UARTwrite                     
00001179  GPIOPinConfigure              
000011c5  __TI_auto_init_nobinit_nopinit
00001209  CANStatusGet                  
00001249  __aeabi_uidiv                 
00001249  __aeabi_uidivmod              
00001289  CANInit                       
000012c5  IntRegister                   
000012f9  SysCtlPeripheralEnable        
0000132d  _c_int00_noargs               
00001361  GPIODirModeSet                
000013db  CANIntClear                   
000013fd  CANIntStatus                  
0000141d  RGBSet                        
00001439  __TI_zero_init_nomemset       
00001455  UARTprintf                    
0000146f  CANIntRegister                
00001487  GPIOPinTypeCAN                
0000149d  GPIOPinTypeUART               
000014b3  __aeabi_idiv0                 
000014b3  __aeabi_ldiv0                 
000014b5  RGBIntensitySet               
000014c9  __TI_decompress_none          
000014d7  CANEnable                     
000014e1  CANIntEnable                  
000014e9  ResetISR                      
000014ef  SysCtlDelay                   
000014f5  _system_pre_init              
000014f9  C$$EXIT                       
000014f9  abort                         
00001648  __TI_Handler_Table_Base       
00001654  __TI_Handler_Table_Limit      
00001670  __TI_CINIT_Base               
00001688  __TI_CINIT_Limit              
20000000  __start___llvm_prf_cnts       
20000000  __stop___llvm_prf_cnts        
20000000  g_pfnRAMVectors               
20000270  __stack                       
20000470  __STACK_END                   
20000470  __STACK_TOP                   
20000481  rxFlag                        
20000482  errFlag                       
ffffffff  __TI_pprof_out_hndl           
ffffffff  __TI_prof_data_size           
ffffffff  __TI_prof_data_start          
ffffffff  __binit__                     
ffffffff  __c_args__                    
ffffffff  binit                         
UNDEFED   __mpu_init                    
UNDEFED   _system_post_cinit            

[72 symbols]
